
Optional file libmchp_peripheral.a not found

Optional file libmchp_peripheral_32MX795F512L.a not found
Archive member included because of file (symbol)

c:/program files/microchip/xc32/v2.40/bin/bin/../../lib/gcc/pic32mx/4.8.3\libgcc.a(_udivdi3.o)
                              build/default/production/_ext/121402492/sys_tmr.o (__udivdi3)
c:/program files/microchip/xc32/v2.40/bin/bin/../../lib/gcc/pic32mx/4.8.3/../../../../pic32mx/lib\libpic32.a(memcmp.o)
                              build/default/production/_ext/2105109636/sys_fs_media_manager.o (memcmp)
c:/program files/microchip/xc32/v2.40/bin/bin/../../lib/gcc/pic32mx/4.8.3/../../../../pic32mx/lib\libpic32.a(memcpy.o)
                              build/default/production/_ext/2105109636/sys_fs_media_manager.o (memcpy)
c:/program files/microchip/xc32/v2.40/bin/bin/../../lib/gcc/pic32mx/4.8.3/../../../../pic32mx/lib\libpic32.a(memset.o)
                              build/default/production/_ext/1475996069/drv_tmr.o (memset)
c:/program files/microchip/xc32/v2.40/bin/bin/../../lib/gcc/pic32mx/4.8.3/../../../../pic32mx/lib\libpic32.a(strcmp.o)
                              build/default/production/_ext/2105109636/sys_fs_media_manager.o (strcmp)
c:/program files/microchip/xc32/v2.40/bin/bin/../../lib/gcc/pic32mx/4.8.3/../../../../pic32mx/lib\libpic32.a(strcpy.o)
                              build/default/production/_ext/2105109636/sys_fs.o (strcpy)
c:/program files/microchip/xc32/v2.40/bin/bin/../../lib/gcc/pic32mx/4.8.3/../../../../pic32mx/lib\libpic32.a(strlen.o)
                              build/default/production/_ext/2105109636/sys_fs.o (strlen)
c:/program files/microchip/xc32/v2.40/bin/bin/../../lib/gcc/pic32mx/4.8.3/../../../../pic32mx/lib\libpic32.a(default-bootstrap-exception-handler.o)
                              C:\Users\gints\AppData\Local\Temp\ccSuYTof.o (_bootstrap_exception_handler)
c:/program files/microchip/xc32/v2.40/bin/bin/../../lib/gcc/pic32mx/4.8.3/../../../../pic32mx/lib\libpic32.a(default-on-reset.o)
                              C:\Users\gints\AppData\Local\Temp\ccSuYTof.o (_on_reset)
c:/program files/microchip/xc32/v2.40/bin/bin/../../lib/gcc/pic32mx/4.8.3/../../../../pic32mx/lib\libpic32.a(default-on-bootstrap.o)
                              C:\Users\gints\AppData\Local\Temp\ccSuYTof.o (_on_bootstrap)
c:/program files/microchip/xc32/v2.40/bin/bin/../../lib/gcc/pic32mx/4.8.3/../../../../pic32mx/lib\libpic32.a(default-nmi-handler.o)
                              C:\Users\gints\AppData\Local\Temp\ccSuYTof.o (_nmi_handler)
c:/program files/microchip/xc32/v2.40/bin/bin/../../lib/gcc/pic32mx/4.8.3/../../../../pic32mx/lib\libpic32.a(pic32_data_init.o)
                              C:\Users\gints\AppData\Local\Temp\ccSuYTof.o (__pic32_data_init)
c:/program files/microchip/xc32/v2.40/bin/bin/../../lib/gcc/pic32mx/4.8.3/../../../../pic32mx/lib\libpic32.a(general-exception.o)
                              C:\Users\gints\AppData\Local\Temp\ccSuYTof.o (_general_exception_context)
c:/program files/microchip/xc32/v2.40/bin/bin/../../lib/gcc/pic32mx/4.8.3/../../../../pic32mx/lib\libpic32.a(vector0.o)
                              C:\Users\gints\AppData\Local\Temp\cchfPzZy.o (__vector_dispatch_0)
c:/program files/microchip/xc32/v2.40/bin/bin/../../lib/gcc/pic32mx/4.8.3/../../../../pic32mx/lib\libpic32.a(vector1.o)
                              C:\Users\gints\AppData\Local\Temp\cchfPzZy.o (__vector_dispatch_1)
c:/program files/microchip/xc32/v2.40/bin/bin/../../lib/gcc/pic32mx/4.8.3/../../../../pic32mx/lib\libpic32.a(vector2.o)
                              C:\Users\gints\AppData\Local\Temp\cchfPzZy.o (__vector_dispatch_2)
c:/program files/microchip/xc32/v2.40/bin/bin/../../lib/gcc/pic32mx/4.8.3/../../../../pic32mx/lib\libpic32.a(vector3.o)
                              C:\Users\gints\AppData\Local\Temp\cchfPzZy.o (__vector_dispatch_3)
c:/program files/microchip/xc32/v2.40/bin/bin/../../lib/gcc/pic32mx/4.8.3/../../../../pic32mx/lib\libpic32.a(vector5.o)
                              C:\Users\gints\AppData\Local\Temp\cchfPzZy.o (__vector_dispatch_5)
c:/program files/microchip/xc32/v2.40/bin/bin/../../lib/gcc/pic32mx/4.8.3/../../../../pic32mx/lib\libpic32.a(vector6.o)
                              C:\Users\gints\AppData\Local\Temp\cchfPzZy.o (__vector_dispatch_6)
c:/program files/microchip/xc32/v2.40/bin/bin/../../lib/gcc/pic32mx/4.8.3/../../../../pic32mx/lib\libpic32.a(vector7.o)
                              C:\Users\gints\AppData\Local\Temp\cchfPzZy.o (__vector_dispatch_7)
c:/program files/microchip/xc32/v2.40/bin/bin/../../lib/gcc/pic32mx/4.8.3/../../../../pic32mx/lib\libpic32.a(vector8.o)
                              C:\Users\gints\AppData\Local\Temp\cchfPzZy.o (__vector_dispatch_8)
c:/program files/microchip/xc32/v2.40/bin/bin/../../lib/gcc/pic32mx/4.8.3/../../../../pic32mx/lib\libpic32.a(vector9.o)
[...]
Memory Configuration

Name             Origin             Length             Attributes
kseg0_program_mem 0x9d000000         0x00080000         xr
kseg0_boot_mem   0x9fc00490         0x00000970
exception_mem    0x9fc01000         0x00001000
kseg1_boot_mem   0xbfc00000         0x00000490
debug_exec_mem   0xbfc02000         0x00000ff0
config3          0xbfc02ff0         0x00000004
config2          0xbfc02ff4         0x00000004
config1          0xbfc02ff8         0x00000004
config0          0xbfc02ffc         0x00000004
kseg1_data_mem   0xa0000000         0x00020000         w !x
sfrs             0xbf800000         0x00100000
configsfrs       0xbfc02ff0         0x00000010
*default*        0x00000000         0xffffffff

Linker script and memory map

LOAD c:/program files/microchip/xc32/v2.40/bin/bin/../../lib/gcc/pic32mx/4.8.3/../../../../pic32mx/lib\debug-exception-return.o
LOAD build/default/production/_ext/1360937237/app.o
LOAD build/default/production/_ext/1360937237/main.o
LOAD build/default/production/_ext/1475996069/drv_tmr.o
LOAD build/default/production/_ext/2105109636/sys_fs.o
LOAD build/default/production/_ext/2105109636/sys_fs_media_manager.o
LOAD build/default/production/_ext/312387365/ff.o
LOAD build/default/production/_ext/456076708/diskio.o
LOAD build/default/production/_ext/1020727214/sys_int_pic32.o
LOAD build/default/production/_ext/121402492/sys_tmr.o
LOAD build/default/production/_ext/1150371026/drv_usbfs.o
LOAD build/default/production/_ext/1699675045/usb_host.o
LOAD build/default/production/_ext/1150371026/drv_usbfs_host.o
LOAD build/default/production/_ext/1699675045/usb_host_msd.o
LOAD build/default/production/_ext/1699675045/usb_host_scsi.o
LOAD build/default/production/_ext/639803181/sys_clk_pic32mx.o
LOAD build/default/production/_ext/340578644/sys_devcon.o
LOAD build/default/production/_ext/340578644/sys_devcon_pic32mx.o
LOAD build/default/production/_ext/822048611/sys_ports_static.o
LOAD build/default/production/_ext/74298950/bsp.o
LOAD build/default/production/_ext/1688732426/system_init.o
LOAD build/default/production/_ext/1688732426/system_interrupt.o
LOAD build/default/production/_ext/1688732426/system_exceptions.o
LOAD build/default/production/_ext/1688732426/system_tasks.o
LOAD ..\..\..\..\..\..\..\microchip\harmony\v2_06\bin\framework\peripheral\PIC32MX795F512L_peripherals.a
                0x00000001                __MPLAB_BUILD = 0x1
                0x000001f4                _min_heap_size = 0x1f4
LOAD C:\Users\gints\AppData\Local\Temp\ccSuYTof.o
LOAD C:\Users\gints\AppData\Local\Temp\cc4RpbMh.o
LOAD C:\Users\gints\AppData\Local\Temp\cchfPzZy.o
LOAD c:/program files/microchip/xc32/v2.40/bin/bin/../../lib/gcc/pic32mx/4.8.3/../../../../pic32mx/lib\pic32_software_reset.o
                0x00000400                PROVIDE (_min_stack_size, 0x400)
START GROUP
LOAD c:/program files/microchip/xc32/v2.40/bin/bin/../../lib/gcc/pic32mx/4.8.3/../../../../pic32mx/lib/./proc/32MX795F512L\processor.o
END GROUP
START GROUP
LOAD libmchp_peripheral.a
END GROUP
START GROUP
LOAD libmchp_peripheral_32MX795F512L.a
END GROUP
                0x00000001                PROVIDE (_vector_spacing, 0x1)
                0x9fc01000                PROVIDE (_ebase_address, 0x9fc01000)
                0xbfc00000                _RESET_ADDR = 0xbfc00000
                0xbfc00380                _BEV_EXCPT_ADDR = 0xbfc00380
                0xbfc00480                _DBG_EXCPT_ADDR = 0xbfc00480
                0xbfc02000                _DBG_CODE_ADDR = 0xbfc02000
                0x00000ff0                _DBG_CODE_SIZE = 0xff0
                0x9fc01180                _GEN_EXCPT_ADDR = (_ebase_address + 0x180)

.config_BFC02FF0
                0xbfc02ff0        0x4
 *(.config_BFC02FF0)
 .config_BFC02FF0
                0xbfc02ff0        0x4 build/default/production/_ext/1688732426/system_init.o

.config_BFC02FF4
                0xbfc02ff4        0x4
 *(.config_BFC02FF4)
 .config_BFC02FF4
                0xbfc02ff4        0x4 build/default/production/_ext/1688732426/system_init.o

.config_BFC02FF8
                0xbfc02ff8        0x4
 *(.config_BFC02FF8)
 .config_BFC02FF8
                0xbfc02ff8        0x4 build/default/production/_ext/1688732426/system_init.o

.config_BFC02FFC
                0xbfc02ffc        0x4
 *(.config_BFC02FFC)
 .config_BFC02FFC
                0xbfc02ffc        0x4 build/default/production/_ext/1688732426/system_init.o
                0xbfc02000                PROVIDE (_DBG_CODE_ADDR, 0xbfc02000)
                0x00000ff0                PROVIDE (_DBG_CODE_SIZE, 0xff0)

.reset          0xbfc00000      0x19c
 *(.reset)
 .reset         0xbfc00000        0x8 C:\Users\gints\AppData\Local\Temp\ccSuYTof.o
                0xbfc00000                _reset
 *(.reset.startup)
 .reset.startup
                0xbfc00008      0x194 C:\Users\gints\AppData\Local\Temp\ccSuYTof.o
                0xbfc00008                _startup

.bev_excpt      0xbfc00380       0x10
 *(.bev_handler)
 .bev_handler   0xbfc00380       0x10 C:\Users\gints\AppData\Local\Temp\ccSuYTof.o

.dbg_excpt      0xbfc00480        0x0
                0xbfc00480                . = (. + DEFINED (_DEBUGGER)?0x8:0x0)

.dbg_code       0xbfc02000        0x0
                0xbfc02000                . = (. + DEFINED (_DEBUGGER)?_DBG_CODE_SIZE:0x0)

.app_excpt      0x9fc01180       0x10
 *(.gen_handler)
 .gen_handler   0x9fc01180       0x10 C:\Users\gints\AppData\Local\Temp\ccSuYTof.o

.vector_0       0x9fc01200        0x8
 *(.vector_0)
 .vector_0      0x9fc01200        0x8 c:/program files/microchip/xc32/v2.40/bin/bin/../../lib/gcc/pic32mx/4.8.3/../../../../pic32mx/lib\libpic32.a(vector0.o)
                0x9fc01200                __vector_dispatch_0
                0x00000001                ASSERT (((_vector_spacing == 0x0) || (SIZEOF (.vector_0) <= (_vector_spacing << 0x5))), function at exception vector 0 too large)

.vector_1       0x9fc01220        0x8
 *(.vector_1)
 .vector_1      0x9fc01220        0x8 c:/program files/microchip/xc32/v2.40/bin/bin/../../lib/gcc/pic32mx/4.8.3/../../../../pic32mx/lib\libpic32.a(vector1.o)
                0x9fc01220                __vector_dispatch_1
                0x00000001                ASSERT (((_vector_spacing == 0x0) || (SIZEOF (.vector_1) <= (_vector_spacing << 0x5))), function at exception vector 1 too large)

.vector_2       0x9fc01240        0x8
 *(.vector_2)
 .vector_2      0x9fc01240        0x8 c:/program files/microchip/xc32/v2.40/bin/bin/../../lib/gcc/pic32mx/4.8.3/../../../../pic32mx/lib\libpic32.a(vector2.o)
                0x9fc01240                __vector_dispatch_2
                0x00000001                ASSERT (((_vector_spacing == 0x0) || (SIZEOF (.vector_2) <= (_vector_spacing << 0x5))), function at exception vector 2 too large)

.vector_3       0x9fc01260        0x8
 *(.vector_3)
 .vector_3      0x9fc01260        0x8 c:/program files/microchip/xc32/v2.40/bin/bin/../../lib/gcc/pic32mx/4.8.3/../../../../pic32mx/lib\libpic32.a(vector3.o)
                0x9fc01260                __vector_dispatch_3
                0x00000001                ASSERT (((_vector_spacing == 0x0) || (SIZEOF (.vector_3) <= (_vector_spacing << 0x5))), function at exception vector 3 too large)

.vector_4       0x9fc01280        0x8
 *(.vector_4)
 .vector_4      0x9fc01280        0x8 build/default/production/_ext/1688732426/system_interrupt.o
                0x9fc01280                __vector_dispatch_4
                0x00000001                ASSERT (((_vector_spacing == 0x0) || (SIZEOF (.vector_4) <= (_vector_spacing << 0x5))), function at exception vector 4 too large)

.vector_5       0x9fc012a0        0x8
 *(.vector_5)
 .vector_5      0x9fc012a0        0x8 c:/program files/microchip/xc32/v2.40/bin/bin/../../lib/gcc/pic32mx/4.8.3/../../../../pic32mx/lib\libpic32.a(vector5.o)
                0x9fc012a0                __vector_dispatch_5
                0x00000001                ASSERT (((_vector_spacing == 0x0) || (SIZEOF (.vector_5) <= (_vector_spacing << 0x5))), function at exception vector 5 too large)

.vector_6       0x9fc012c0        0x8
 *(.vector_6)
 .vector_6      0x9fc012c0        0x8 c:/program files/microchip/xc32/v2.40/bin/bin/../../lib/gcc/pic32mx/4.8.3/../../../../pic32mx/lib\libpic32.a(vector6.o)
                0x9fc012c0                __vector_dispatch_6
                0x00000001                ASSERT (((_vector_spacing == 0x0) || (SIZEOF (.vector_6) <= (_vector_spacing << 0x5))), function at exception vector 6 too large)

.vector_7       0x9fc012e0        0x8
 *(.vector_7)
 .vector_7      0x9fc012e0        0x8 c:/program files/microchip/xc32/v2.40/bin/bin/../../lib/gcc/pic32mx/4.8.3/../../../../pic32mx/lib\libpic32.a(vector7.o)
                0x9fc012e0                __vector_dispatch_7
                0x00000001                ASSERT (((_vector_spacing == 0x0) || (SIZEOF (.vector_7) <= (_vector_spacing << 0x5))), function at exception vector 7 too large)

.vector_8       0x9fc01300        0x8
 *(.vector_8)
 .vector_8      0x9fc01300        0x8 c:/program files/microchip/xc32/v2.40/bin/bin/../../lib/gcc/pic32mx/4.8.3/../../../../pic32mx/lib\libpic32.a(vector8.o)
                0x9fc01300                __vector_dispatch_8
                0x00000001                ASSERT (((_vector_spacing == 0x0) || (SIZEOF (.vector_8) <= (_vector_spacing << 0x5))), function at exception vector 8 too large)

.vector_9       0x9fc01320        0x8
 *(.vector_9)
 .vector_9      0x9fc01320        0x8 c:/program files/microchip/xc32/v2.40/bin/bin/../../lib/gcc/pic32mx/4.8.3/../../../../pic32mx/lib\libpic32.a(vector9.o)
                0x9fc01320                __vector_dispatch_9
                0x00000001                ASSERT (((_vector_spacing == 0x0) || (SIZEOF (.vector_9) <= (_vector_spacing << 0x5))), function at exception vector 9 too large)

.vector_10      0x9fc01340        0x8
 *(.vector_10)
 .vector_10     0x9fc01340        0x8 c:/program files/microchip/xc32/v2.40/bin/bin/../../lib/gcc/pic32mx/4.8.3/../../../../pic32mx/lib\libpic32.a(vector10.o)
                0x9fc01340                __vector_dispatch_10
                0x00000001                ASSERT (((_vector_spacing == 0x0) || (SIZEOF (.vector_10) <= (_vector_spacing << 0x5))), function at exception vector 10 too large)

.vector_11      0x9fc01360        0x8
 *(.vector_11)
 .vector_11     0x9fc01360        0x8 c:/program files/microchip/xc32/v2.40/bin/bin/../../lib/gcc/pic32mx/4.8.3/../../../../pic32mx/lib\libpic32.a(vector11.o)
                0x9fc01360                __vector_dispatch_11
                0x00000001                ASSERT (((_vector_spacing == 0x0) || (SIZEOF (.vector_11) <= (_vector_spacing << 0x5))), function at exception vector 11 too large)

.vector_12      0x9fc01380        0x8
 *(.vector_12)
 .vector_12     0x9fc01380        0x8 c:/program files/microchip/xc32/v2.40/bin/bin/../../lib/gcc/pic32mx/4.8.3/../../../../pic32mx/lib\libpic32.a(vector12.o)
                0x9fc01380                __vector_dispatch_12
                0x00000001                ASSERT (((_vector_spacing == 0x0) || (SIZEOF (.vector_12) <= (_vector_spacing << 0x5))), function at exception vector 12 too large)

.vector_13      0x9fc013a0        0x8
 *(.vector_13)
 .vector_13     0x9fc013a0        0x8 c:/program files/microchip/xc32/v2.40/bin/bin/../../lib/gcc/pic32mx/4.8.3/../../../../pic32mx/lib\libpic32.a(vector13.o)
                0x9fc013a0                __vector_dispatch_13
                0x00000001                ASSERT (((_vector_spacing == 0x0) || (SIZEOF (.vector_13) <= (_vector_spacing << 0x5))), function at exception vector 13 too large)

.vector_14      0x9fc013c0        0x8
 *(.vector_14)
 .vector_14     0x9fc013c0        0x8 c:/program files/microchip/xc32/v2.40/bin/bin/../../lib/gcc/pic32mx/4.8.3/../../../../pic32mx/lib\libpic32.a(vector14.o)
                0x9fc013c0                __vector_dispatch_14
                0x00000001                ASSERT (((_vector_spacing == 0x0) || (SIZEOF (.vector_14) <= (_vector_spacing << 0x5))), function at exception vector 14 too large)

.vector_15      0x9fc013e0        0x8
 *(.vector_15)
 .vector_15     0x9fc013e0        0x8 c:/program files/microchip/xc32/v2.40/bin/bin/../../lib/gcc/pic32mx/4.8.3/../../../../pic32mx/lib\libpic32.a(vector15.o)
                0x9fc013e0                __vector_dispatch_15
                0x00000001                ASSERT (((_vector_spacing == 0x0) || (SIZEOF (.vector_15) <= (_vector_spacing << 0x5))), function at exception vector 15 too large)

.vector_16      0x9fc01400        0x8
 *(.vector_16)
 .vector_16     0x9fc01400        0x8 c:/program files/microchip/xc32/v2.40/bin/bin/../../lib/gcc/pic32mx/4.8.3/../../../../pic32mx/lib\libpic32.a(vector16.o)
                0x9fc01400                __vector_dispatch_16
                0x00000001                ASSERT (((_vector_spacing == 0x0) || (SIZEOF (.vector_16) <= (_vector_spacing << 0x5))), function at exception vector 16 too large)

.vector_17      0x9fc01420        0x8
 *(.vector_17)
 .vector_17     0x9fc01420        0x8 c:/program files/microchip/xc32/v2.40/bin/bin/../../lib/gcc/pic32mx/4.8.3/../../../../pic32mx/lib\libpic32.a(vector17.o)
                0x9fc01420                __vector_dispatch_17
                0x00000001                ASSERT (((_vector_spacing == 0x0) || (SIZEOF (.vector_17) <= (_vector_spacing << 0x5))), function at exception vector 17 too large)

.vector_18      0x9fc01440        0x8
 *(.vector_18)
 .vector_18     0x9fc01440        0x8 c:/program files/microchip/xc32/v2.40/bin/bin/../../lib/gcc/pic32mx/4.8.3/../../../../pic32mx/lib\libpic32.a(vector18.o)
                0x9fc01440                __vector_dispatch_18
                0x00000001                ASSERT (((_vector_spacing == 0x0) || (SIZEOF (.vector_18) <= (_vector_spacing << 0x5))), function at exception vector 18 too large)

.vector_19      0x9fc01460        0x8
 *(.vector_19)
 .vector_19     0x9fc01460        0x8 c:/program files/microchip/xc32/v2.40/bin/bin/../../lib/gcc/pic32mx/4.8.3/../../../../pic32mx/lib\libpic32.a(vector19.o)
                0x9fc01460                __vector_dispatch_19
                0x00000001                ASSERT (((_vector_spacing == 0x0) || (SIZEOF (.vector_19) <= (_vector_spacing << 0x5))), function at exception vector 19 too large)

.vector_20      0x9fc01480        0x8
 *(.vector_20)
 .vector_20     0x9fc01480        0x8 c:/program files/microchip/xc32/v2.40/bin/bin/../../lib/gcc/pic32mx/4.8.3/../../../../pic32mx/lib\libpic32.a(vector20.o)
                0x9fc01480                __vector_dispatch_20
                0x00000001                ASSERT (((_vector_spacing == 0x0) || (SIZEOF (.vector_20) <= (_vector_spacing << 0x5))), function at exception vector 20 too large)

.vector_21      0x9fc014a0        0x8
 *(.vector_21)
 .vector_21     0x9fc014a0        0x8 c:/program files/microchip/xc32/v2.40/bin/bin/../../lib/gcc/pic32mx/4.8.3/../../../../pic32mx/lib\libpic32.a(vector21.o)
                0x9fc014a0                __vector_dispatch_21
                0x00000001                ASSERT (((_vector_spacing == 0x0) || (SIZEOF (.vector_21) <= (_vector_spacing << 0x5))), function at exception vector 21 too large)

.vector_22      0x9fc014c0        0x8
 *(.vector_22)
 .vector_22     0x9fc014c0        0x8 c:/program files/microchip/xc32/v2.40/bin/bin/../../lib/gcc/pic32mx/4.8.3/../../../../pic32mx/lib\libpic32.a(vector22.o)
                0x9fc014c0                __vector_dispatch_22
                0x00000001                ASSERT (((_vector_spacing == 0x0) || (SIZEOF (.vector_22) <= (_vector_spacing << 0x5))), function at exception vector 22 too large)

.vector_23      0x9fc014e0        0x8
 *(.vector_23)
 .vector_23     0x9fc014e0        0x8 c:/program files/microchip/xc32/v2.40/bin/bin/../../lib/gcc/pic32mx/4.8.3/../../../../pic32mx/lib\libpic32.a(vector23.o)
                0x9fc014e0                __vector_dispatch_23
                0x00000001                ASSERT (((_vector_spacing == 0x0) || (SIZEOF (.vector_23) <= (_vector_spacing << 0x5))), function at exception vector 23 too large)

.vector_24      0x9fc01500        0x8
 *(.vector_24)
 .vector_24     0x9fc01500        0x8 c:/program files/microchip/xc32/v2.40/bin/bin/../../lib/gcc/pic32mx/4.8.3/../../../../pic32mx/lib\libpic32.a(vector24.o)
                0x9fc01500                __vector_dispatch_24
                0x00000001                ASSERT (((_vector_spacing == 0x0) || (SIZEOF (.vector_24) <= (_vector_spacing << 0x5))), function at exception vector 24 too large)

.vector_25      0x9fc01520        0x8
 *(.vector_25)
 .vector_25     0x9fc01520        0x8 c:/program files/microchip/xc32/v2.40/bin/bin/../../lib/gcc/pic32mx/4.8.3/../../../../pic32mx/lib\libpic32.a(vector25.o)
                0x9fc01520                __vector_dispatch_25
                0x00000001                ASSERT (((_vector_spacing == 0x0) || (SIZEOF (.vector_25) <= (_vector_spacing << 0x5))), function at exception vector 25 too large)

.vector_26      0x9fc01540        0x8
 *(.vector_26)
 .vector_26     0x9fc01540        0x8 c:/program files/microchip/xc32/v2.40/bin/bin/../../lib/gcc/pic32mx/4.8.3/../../../../pic32mx/lib\libpic32.a(vector26.o)
                0x9fc01540                __vector_dispatch_26
                0x00000001                ASSERT (((_vector_spacing == 0x0) || (SIZEOF (.vector_26) <= (_vector_spacing << 0x5))), function at exception vector 26 too large)

.vector_27      0x9fc01560        0x8
 *(.vector_27)
 .vector_27     0x9fc01560        0x8 c:/program files/microchip/xc32/v2.40/bin/bin/../../lib/gcc/pic32mx/4.8.3/../../../../pic32mx/lib\libpic32.a(vector27.o)
                0x9fc01560                __vector_dispatch_27
                0x00000001                ASSERT (((_vector_spacing == 0x0) || (SIZEOF (.vector_27) <= (_vector_spacing << 0x5))), function at exception vector 27 too large)

.vector_28      0x9fc01580        0x8
 *(.vector_28)
 .vector_28     0x9fc01580        0x8 c:/program files/microchip/xc32/v2.40/bin/bin/../../lib/gcc/pic32mx/4.8.3/../../../../pic32mx/lib\libpic32.a(vector28.o)
                0x9fc01580                __vector_dispatch_28
                0x00000001                ASSERT (((_vector_spacing == 0x0) || (SIZEOF (.vector_28) <= (_vector_spacing << 0x5))), function at exception vector 28 too large)

.vector_29      0x9fc015a0        0x8
 *(.vector_29)
 .vector_29     0x9fc015a0        0x8 c:/program files/microchip/xc32/v2.40/bin/bin/../../lib/gcc/pic32mx/4.8.3/../../../../pic32mx/lib\libpic32.a(vector29.o)
                0x9fc015a0                __vector_dispatch_29
                0x00000001                ASSERT (((_vector_spacing == 0x0) || (SIZEOF (.vector_29) <= (_vector_spacing << 0x5))), function at exception vector 29 too large)

.vector_30      0x9fc015c0        0x8
 *(.vector_30)
 .vector_30     0x9fc015c0        0x8 c:/program files/microchip/xc32/v2.40/bin/bin/../../lib/gcc/pic32mx/4.8.3/../../../../pic32mx/lib\libpic32.a(vector30.o)
                0x9fc015c0                __vector_dispatch_30
                0x00000001                ASSERT (((_vector_spacing == 0x0) || (SIZEOF (.vector_30) <= (_vector_spacing << 0x5))), function at exception vector 30 too large)

.vector_31      0x9fc015e0        0x8
 *(.vector_31)
 .vector_31     0x9fc015e0        0x8 c:/program files/microchip/xc32/v2.40/bin/bin/../../lib/gcc/pic32mx/4.8.3/../../../../pic32mx/lib\libpic32.a(vector31.o)
                0x9fc015e0                __vector_dispatch_31
                0x00000001                ASSERT (((_vector_spacing == 0x0) || (SIZEOF (.vector_31) <= (_vector_spacing << 0x5))), function at exception vector 31 too large)

.vector_32      0x9fc01600        0x8
 *(.vector_32)
 .vector_32     0x9fc01600        0x8 c:/program files/microchip/xc32/v2.40/bin/bin/../../lib/gcc/pic32mx/4.8.3/../../../../pic32mx/lib\libpic32.a(vector32.o)
                0x9fc01600                __vector_dispatch_32
                0x00000001                ASSERT (((_vector_spacing == 0x0) || (SIZEOF (.vector_32) <= (_vector_spacing << 0x5))), function at exception vector 32 too large)

.vector_33      0x9fc01620        0x8
 *(.vector_33)
 .vector_33     0x9fc01620        0x8 c:/program files/microchip/xc32/v2.40/bin/bin/../../lib/gcc/pic32mx/4.8.3/../../../../pic32mx/lib\libpic32.a(vector33.o)
                0x9fc01620                __vector_dispatch_33
                0x00000001                ASSERT (((_vector_spacing == 0x0) || (SIZEOF (.vector_33) <= (_vector_spacing << 0x5))), function at exception vector 33 too large)

.vector_34      0x9fc01640        0x8
 *(.vector_34)
 .vector_34     0x9fc01640        0x8 c:/program files/microchip/xc32/v2.40/bin/bin/../../lib/gcc/pic32mx/4.8.3/../../../../pic32mx/lib\libpic32.a(vector34.o)
                0x9fc01640                __vector_dispatch_34
                0x00000001                ASSERT (((_vector_spacing == 0x0) || (SIZEOF (.vector_34) <= (_vector_spacing << 0x5))), function at exception vector 34 too large)

.vector_35      0x9fc01660        0x8
 *(.vector_35)
 .vector_35     0x9fc01660        0x8 c:/program files/microchip/xc32/v2.40/bin/bin/../../lib/gcc/pic32mx/4.8.3/../../../../pic32mx/lib\libpic32.a(vector35.o)
                0x9fc01660                __vector_dispatch_35
                0x00000001                ASSERT (((_vector_spacing == 0x0) || (SIZEOF (.vector_35) <= (_vector_spacing << 0x5))), function at exception vector 35 too large)

.vector_36      0x9fc01680        0x8
 *(.vector_36)
 .vector_36     0x9fc01680        0x8 c:/program files/microchip/xc32/v2.40/bin/bin/../../lib/gcc/pic32mx/4.8.3/../../../../pic32mx/lib\libpic32.a(vector36.o)
                0x9fc01680                __vector_dispatch_36
                0x00000001                ASSERT (((_vector_spacing == 0x0) || (SIZEOF (.vector_36) <= (_vector_spacing << 0x5))), function at exception vector 36 too large)

.vector_37      0x9fc016a0        0x8
 *(.vector_37)
 .vector_37     0x9fc016a0        0x8 c:/program files/microchip/xc32/v2.40/bin/bin/../../lib/gcc/pic32mx/4.8.3/../../../../pic32mx/lib\libpic32.a(vector37.o)
                0x9fc016a0                __vector_dispatch_37
                0x00000001                ASSERT (((_vector_spacing == 0x0) || (SIZEOF (.vector_37) <= (_vector_spacing << 0x5))), function at exception vector 37 too large)

.vector_38      0x9fc016c0        0x8
 *(.vector_38)
 .vector_38     0x9fc016c0        0x8 c:/program files/microchip/xc32/v2.40/bin/bin/../../lib/gcc/pic32mx/4.8.3/../../../../pic32mx/lib\libpic32.a(vector38.o)
                0x9fc016c0                __vector_dispatch_38
                0x00000001                ASSERT (((_vector_spacing == 0x0) || (SIZEOF (.vector_38) <= (_vector_spacing << 0x5))), function at exception vector 38 too large)

.vector_39      0x9fc016e0        0x8
 *(.vector_39)
 .vector_39     0x9fc016e0        0x8 c:/program files/microchip/xc32/v2.40/bin/bin/../../lib/gcc/pic32mx/4.8.3/../../../../pic32mx/lib\libpic32.a(vector39.o)
                0x9fc016e0                __vector_dispatch_39
                0x00000001                ASSERT (((_vector_spacing == 0x0) || (SIZEOF (.vector_39) <= (_vector_spacing << 0x5))), function at exception vector 39 too large)

.vector_40      0x9fc01700        0x8
 *(.vector_40)
 .vector_40     0x9fc01700        0x8 c:/program files/microchip/xc32/v2.40/bin/bin/../../lib/gcc/pic32mx/4.8.3/../../../../pic32mx/lib\libpic32.a(vector40.o)
                0x9fc01700                __vector_dispatch_40
                0x00000001                ASSERT (((_vector_spacing == 0x0) || (SIZEOF (.vector_40) <= (_vector_spacing << 0x5))), function at exception vector 40 too large)

.vector_41      0x9fc01720        0x8
 *(.vector_41)
 .vector_41     0x9fc01720        0x8 c:/program files/microchip/xc32/v2.40/bin/bin/../../lib/gcc/pic32mx/4.8.3/../../../../pic32mx/lib\libpic32.a(vector41.o)
                0x9fc01720                __vector_dispatch_41
                0x00000001                ASSERT (((_vector_spacing == 0x0) || (SIZEOF (.vector_41) <= (_vector_spacing << 0x5))), function at exception vector 41 too large)

.vector_42      0x9fc01740        0x8
 *(.vector_42)
 .vector_42     0x9fc01740        0x8 c:/program files/microchip/xc32/v2.40/bin/bin/../../lib/gcc/pic32mx/4.8.3/../../../../pic32mx/lib\libpic32.a(vector42.o)
                0x9fc01740                __vector_dispatch_42
                0x00000001                ASSERT (((_vector_spacing == 0x0) || (SIZEOF (.vector_42) <= (_vector_spacing << 0x5))), function at exception vector 42 too large)

.vector_43      0x9fc01760        0x8
 *(.vector_43)
 .vector_43     0x9fc01760        0x8 c:/program files/microchip/xc32/v2.40/bin/bin/../../lib/gcc/pic32mx/4.8.3/../../../../pic32mx/lib\libpic32.a(vector43.o)
                0x9fc01760                __vector_dispatch_43
                0x00000001                ASSERT (((_vector_spacing == 0x0) || (SIZEOF (.vector_43) <= (_vector_spacing << 0x5))), function at exception vector 43 too large)

.vector_44      0x9fc01780        0x8
 *(.vector_44)
 .vector_44     0x9fc01780        0x8 c:/program files/microchip/xc32/v2.40/bin/bin/../../lib/gcc/pic32mx/4.8.3/../../../../pic32mx/lib\libpic32.a(vector44.o)
                0x9fc01780                __vector_dispatch_44
                0x00000001                ASSERT (((_vector_spacing == 0x0) || (SIZEOF (.vector_44) <= (_vector_spacing << 0x5))), function at exception vector 44 too large)

.vector_45      0x9fc017a0        0x8
 *(.vector_45)
 .vector_45     0x9fc017a0        0x8 build/default/production/_ext/1688732426/system_interrupt.o
                0x9fc017a0                __vector_dispatch_45
                0x00000001                ASSERT (((_vector_spacing == 0x0) || (SIZEOF (.vector_45) <= (_vector_spacing << 0x5))), function at exception vector 45 too large)

.vector_46      0x9fc017c0        0x8
 *(.vector_46)
 .vector_46     0x9fc017c0        0x8 c:/program files/microchip/xc32/v2.40/bin/bin/../../lib/gcc/pic32mx/4.8.3/../../../../pic32mx/lib\libpic32.a(vector46.o)
                0x9fc017c0                __vector_dispatch_46
                0x00000001                ASSERT (((_vector_spacing == 0x0) || (SIZEOF (.vector_46) <= (_vector_spacing << 0x5))), function at exception vector 46 too large)

.vector_47      0x9fc017e0        0x8
 *(.vector_47)
 .vector_47     0x9fc017e0        0x8 c:/program files/microchip/xc32/v2.40/bin/bin/../../lib/gcc/pic32mx/4.8.3/../../../../pic32mx/lib\libpic32.a(vector47.o)
                0x9fc017e0                __vector_dispatch_47
                0x00000001                ASSERT (((_vector_spacing == 0x0) || (SIZEOF (.vector_47) <= (_vector_spacing << 0x5))), function at exception vector 47 too large)

.vector_48      0x9fc01800        0x8
 *(.vector_48)
 .vector_48     0x9fc01800        0x8 c:/program files/microchip/xc32/v2.40/bin/bin/../../lib/gcc/pic32mx/4.8.3/../../../../pic32mx/lib\libpic32.a(vector48.o)
                0x9fc01800                __vector_dispatch_48
                0x00000001                ASSERT (((_vector_spacing == 0x0) || (SIZEOF (.vector_48) <= (_vector_spacing << 0x5))), function at exception vector 48 too large)

.vector_49      0x9fc01820        0x8
 *(.vector_49)
 .vector_49     0x9fc01820        0x8 c:/program files/microchip/xc32/v2.40/bin/bin/../../lib/gcc/pic32mx/4.8.3/../../../../pic32mx/lib\libpic32.a(vector49.o)
                0x9fc01820                __vector_dispatch_49
                0x00000001                ASSERT (((_vector_spacing == 0x0) || (SIZEOF (.vector_49) <= (_vector_spacing << 0x5))), function at exception vector 49 too large)

.vector_50      0x9fc01840        0x8
 *(.vector_50)
 .vector_50     0x9fc01840        0x8 c:/program files/microchip/xc32/v2.40/bin/bin/../../lib/gcc/pic32mx/4.8.3/../../../../pic32mx/lib\libpic32.a(vector50.o)
                0x9fc01840                __vector_dispatch_50
                0x00000001                ASSERT (((_vector_spacing == 0x0) || (SIZEOF (.vector_50) <= (_vector_spacing << 0x5))), function at exception vector 50 too large)

.vector_51      0x9fc01860        0x8
 *(.vector_51)
 .vector_51     0x9fc01860        0x8 c:/program files/microchip/xc32/v2.40/bin/bin/../../lib/gcc/pic32mx/4.8.3/../../../../pic32mx/lib\libpic32.a(vector51.o)
                0x9fc01860                __vector_dispatch_51
                0x00000001                ASSERT (((_vector_spacing == 0x0) || (SIZEOF (.vector_51) <= (_vector_spacing << 0x5))), function at exception vector 51 too large)

.vector_52      0x9fc01880        0x0
 *(.vector_52)
                0x00000001                ASSERT (((_vector_spacing == 0x0) || (SIZEOF (.vector_52) <= (_vector_spacing << 0x5))), function at exception vector 52 too large)

.vector_53      0x9fc018a0        0x0
 *(.vector_53)
                0x00000001                ASSERT (((_vector_spacing == 0x0) || (SIZEOF (.vector_53) <= (_vector_spacing << 0x5))), function at exception vector 53 too large)

.vector_54      0x9fc018c0        0x0
 *(.vector_54)
                0x00000001                ASSERT (((_vector_spacing == 0x0) || (SIZEOF (.vector_54) <= (_vector_spacing << 0x5))), function at exception vector 54 too large)

.vector_55      0x9fc018e0        0x0
 *(.vector_55)
                0x00000001                ASSERT (((_vector_spacing == 0x0) || (SIZEOF (.vector_55) <= (_vector_spacing << 0x5))), function at exception vector 55 too large)

.vector_56      0x9fc01900        0x0
 *(.vector_56)
                0x00000001                ASSERT (((_vector_spacing == 0x0) || (SIZEOF (.vector_56) <= (_vector_spacing << 0x5))), function at exception vector 56 too large)

.vector_57      0x9fc01920        0x0
 *(.vector_57)
                0x00000001                ASSERT (((_vector_spacing == 0x0) || (SIZEOF (.vector_57) <= (_vector_spacing << 0x5))), function at exception vector 57 too large)

.vector_58      0x9fc01940        0x0
 *(.vector_58)
                0x00000001                ASSERT (((_vector_spacing == 0x0) || (SIZEOF (.vector_58) <= (_vector_spacing << 0x5))), function at exception vector 58 too large)

.vector_59      0x9fc01960        0x0
 *(.vector_59)
                0x00000001                ASSERT (((_vector_spacing == 0x0) || (SIZEOF (.vector_59) <= (_vector_spacing << 0x5))), function at exception vector 59 too large)

.vector_60      0x9fc01980        0x0
 *(.vector_60)
                0x00000001                ASSERT (((_vector_spacing == 0x0) || (SIZEOF (.vector_60) <= (_vector_spacing << 0x5))), function at exception vector 60 too large)

.vector_61      0x9fc019a0        0x0
 *(.vector_61)
                0x00000001                ASSERT (((_vector_spacing == 0x0) || (SIZEOF (.vector_61) <= (_vector_spacing << 0x5))), function at exception vector 61 too large)

.vector_62      0x9fc019c0        0x0
 *(.vector_62)
                0x00000001                ASSERT (((_vector_spacing == 0x0) || (SIZEOF (.vector_62) <= (_vector_spacing << 0x5))), function at exception vector 62 too large)

.vector_63      0x9fc019e0        0x0
 *(.vector_63)
                0x00000001                ASSERT (((_vector_spacing == 0x0) || (SIZEOF (.vector_63) <= (_vector_spacing << 0x5))), function at exception vector 63 too large)

.startup
 *(.startup)

.text           0x9d000000        0x0
 *(.stub .gnu.linkonce.t.*)
 *(.text.*personality*)
 *(.mips16.fn.*)
 *(.mips16.call.*)
 *(.gnu.warning)
                0x9d000000                . = ALIGN (0x4)

.init           0x9d000000        0x0
 *crti.o(.init)
 *crtbegin.o(.init)
 *(EXCLUDE_FILE(*crtn.o *crtend?.o *crtend.o) .init)
 *crtend.o(.init)
 *crtn.o(.init)
                0x9d000000                . = ALIGN (0x4)

.fini           0x9d000000        0x0
 *(.fini)
                0x9d000000                . = ALIGN (0x4)

.preinit_array  0x9d000000        0x0
                0x9d000000                PROVIDE (__preinit_array_start, .)
 *(.preinit_array)
                0x9d000000                PROVIDE (__preinit_array_end, .)
                0x9d000000                . = ALIGN (0x4)

.init_array     0x9d000000        0x0
                0x9d000000                PROVIDE (__init_array_start, .)
 *(SORT(.init_array.*))
 *(.init_array)
                0x9d000000                PROVIDE (__init_array_end, .)
                0x9d000000                . = ALIGN (0x4)

.fini_array     0x9d000000        0x0
                0x9d000000                PROVIDE (__fini_array_start, .)
 *(SORT(.fini_array.*))
 *(.fini_array)
                0x9d000000                PROVIDE (__fini_array_end, .)
                0x9d000000                . = ALIGN (0x4)

.ctors          0x9d000000        0x0
 *crtbegin.o(.ctors)
 *crtbegin?.o(.ctors)
 *(EXCLUDE_FILE(*crtend?.o *crtend.o) .ctors)
 *(SORT(.ctors.*))
 *(.ctors)
                0x9d000000                . = ALIGN (0x4)

.dtors          0x9d000000        0x0
 *crtbegin.o(.dtors)
 *crtbegin?.o(.dtors)
 *(EXCLUDE_FILE(*crtend?.o *crtend.o) .dtors)
 *(SORT(.dtors.*))
 *(.dtors)
                0x9d000000                . = ALIGN (0x4)

.rodata         0x9d000000        0x0
 *(.gnu.linkonce.r.*)
 *(.rodata1)
                0x9d000000                . = ALIGN (0x4)

.sdata2         0x9fc00490        0x0
 *(.sdata2 .sdata2.* .gnu.linkonce.s2.*)
                0x9fc00490                . = ALIGN (0x4)

.sbss2          0x9fc00490        0x0
 *(.sbss2 .sbss2.* .gnu.linkonce.sb2.*)
                0x9fc00490                . = ALIGN (0x4)

.eh_frame_hdr
 *(.eh_frame_hdr)
                0x9fc00490                . = ALIGN (0x4)

.eh_frame
 *(.eh_frame)
                0x9fc00490                . = ALIGN (0x4)

.gcc_except_table
 *(.gcc_except_table .gcc_except_table.*)
                0x9fc00490                . = ALIGN (0x4)

.dbg_data       0xa0000000        0x0
                0xa0000000                . = (. + DEFINED (_DEBUGGER)?0x200:0x0)

.jcr            0xa0000000        0x0
 *(.jcr)
                0xa0000000                . = ALIGN (0x4)

.eh_frame
 *(.eh_frame)
                0xa0000000                . = ALIGN (0x4)

.gcc_except_table
 *(.gcc_except_table .gcc_except_table.*)
                0xa0000000                . = ALIGN (0x4)

.persist        0xa0000000        0x0
                0xa0000000                _persist_begin = .
 *(.persist .persist.*)
 *(.pbss .pbss.*)
                0xa0000000                . = ALIGN (0x4)
                0xa0000000                _persist_end = .

.data           0xa0000000        0x0
 *(.gnu.linkonce.d.*)
 *(.data1)
                0xa0000000                . = ALIGN (0x4)
                0xa0000000                . = .
                0xa0007ff0                _gp = (ALIGN (0x10) + 0x7ff0)

.got            0xa0000000        0x0
 *(.got.plt)
 *(.got)
                0xa0000000                . = ALIGN (0x4)

.sdata          0xa0000000        0x8
                0xa0000000                _sdata_begin = .
 *(.sdata .sdata.* .gnu.linkonce.s.*)
 .sdata         0xa0000000        0x8 build/default/production/_ext/456076708/diskio.o
                0xa0000000                gDiskCommandHandle
                0xa0000004                gDiskCommandStatus
                0xa0000008                . = ALIGN (0x4)
                0xa0000008                _sdata_end = .

.lit8
 *(.lit8)

.lit4
 *(.lit4)
                0xa0000008                . = ALIGN (0x4)
                0xa0000008                _data_end = .
                0xa0000008                _bss_begin = .

.sbss           0xa0000008       0x48
                0xa0000008                _sbss_begin = .
 *(.dynsbss)
 *(.sbss .sbss.* .gnu.linkonce.sb.*)
 .sbss          0xa0000008        0x4 build/default/production/_ext/1475996069/drv_tmr.o
 .sbss          0xa000000c        0xc build/default/production/_ext/2105109636/sys_fs_media_manager.o
 .sbss          0xa0000018        0x8 build/default/production/_ext/312387365/ff.o
 .sbss          0xa0000020        0xc build/default/production/_ext/1688732426/system_exceptions.o
 *(.scommon)
 .scommon       0xa000002c       0x18 build/default/production/_ext/2105109636/sys_fs.o
                0xa000002c                gSYSFSObj
                0xa0000034                gSysFsMutex
                0xa0000038                gSYSFSCurrentMountPoint
                0xa0000040                errorValue
 .scommon       0xa0000044        0x2 build/default/production/_ext/2105109636/sys_fs_media_manager.o
                0xa0000044                VolToPart
 *fill*         0xa0000046        0x2 
 .scommon       0xa0000048        0x0 build/default/production/_ext/1699675045/usb_host_scsi.o
                0xa0000048                gUSBHostSCSIAttachListener
 .scommon       0xa0000048        0x8 build/default/production/_ext/340578644/sys_devcon.o
                0xa0000048                sysDevconObj
                0xa0000050                _sbss_end = .
                0xa0000050                . = ALIGN (0x4)

.bss            0xa0000200      0xa30
 *(.dynbss)
 *(COMMON)
 COMMON         0xa0000200      0x414 build/default/production/_ext/1360937237/app.o
                0xa0000200                appData
 *fill*         0xa0000614        0xc 
 COMMON         0xa0000620      0x134 build/default/production/_ext/2105109636/sys_fs.o
                0xa0000620                gSYSFSFileObj
                0xa0000730                gSYSFSDirObj
                0xa0000740                gSYSFSMountPoint
 COMMON         0xa0000754       0x48 build/default/production/_ext/2105109636/sys_fs_media_manager.o
                0xa0000754                gSYSFSMediaObject
                0xa0000780                gSYSFSVolumeObject
 COMMON         0xa000079c      0x114 build/default/production/_ext/1150371026/drv_usbfs.o
                0xa000079c                gDrvUSBGroup
 COMMON         0xa00008b0      0x1b8 build/default/production/_ext/1150371026/drv_usbfs_host.o
                0xa00008b0                gDrvUSBHostPipeObj
 COMMON         0xa0000a68       0x74 build/default/production/_ext/1699675045/usb_host_msd.o
                0xa0000a68                gUSBHostMSDInstance
 COMMON         0xa0000adc       0xe0 build/default/production/_ext/1699675045/usb_host_scsi.o
                0xa0000adc                gUSBHostSCSIObj
 *fill*         0xa0000bbc       0x44 
 COMMON         0xa0000c00       0x30 build/default/production/_ext/1688732426/system_init.o
                0xa0000c00                endPointTable
                0xa0000c20                sysObj
                0xa0000c30                . = ALIGN ((. != 0x0)?0x4:0x1)
                0xa0000c30                . = ALIGN (0x4)
                0xa0000c30                _end = .
                0xa0000c30                _bss_end = .
                0x00020000                _bmxdudba_address = 0x20000
                0x00020000                _bmxdupba_address = 0x20000

/DISCARD/
 *(.pdr)
 *(.rel.dyn)
 *(.note.GNU-stack)
 *(.note.GNU-stack)
 *(.gnu_debuglink)
 *(.gnu.lto_*)
 *(.discard)

.gptab.sdata
 *(.gptab.data)
 *(.gptab.sdata)

.gptab.sbss
 *(.gptab.bss)
 *(.gptab.sbss)

.mdebug.abi32   0xa0000c30        0x0
 *(.mdebug.abi32)
 .mdebug.abi32  0xa0000c30        0x0 build/default/production/_ext/1360937237/app.o
 .mdebug.abi32  0xa0000c30        0x0 build/default/production/_ext/1360937237/main.o
 .mdebug.abi32  0xa0000c30        0x0 build/default/production/_ext/1475996069/drv_tmr.o
 .mdebug.abi32  0xa0000c30        0x0 build/default/production/_ext/2105109636/sys_fs.o
 .mdebug.abi32  0xa0000c30        0x0 build/default/production/_ext/2105109636/sys_fs_media_manager.o
 .mdebug.abi32  0xa0000c30        0x0 build/default/production/_ext/312387365/ff.o
 .mdebug.abi32  0xa0000c30        0x0 build/default/production/_ext/456076708/diskio.o
 .mdebug.abi32  0xa0000c30        0x0 build/default/production/_ext/1020727214/sys_int_pic32.o
 .mdebug.abi32  0xa0000c30        0x0 build/default/production/_ext/121402492/sys_tmr.o
 .mdebug.abi32  0xa0000c30        0x0 build/default/production/_ext/1150371026/drv_usbfs.o
 .mdebug.abi32  0xa0000c30        0x0 build/default/production/_ext/1699675045/usb_host.o
 .mdebug.abi32  0xa0000c30        0x0 build/default/production/_ext/1150371026/drv_usbfs_host.o
 .mdebug.abi32  0xa0000c30        0x0 build/default/production/_ext/1699675045/usb_host_msd.o
 .mdebug.abi32  0xa0000c30        0x0 build/default/production/_ext/1699675045/usb_host_scsi.o
 .mdebug.abi32  0xa0000c30        0x0 build/default/production/_ext/639803181/sys_clk_pic32mx.o
 .mdebug.abi32  0xa0000c30        0x0 build/default/production/_ext/340578644/sys_devcon.o
 .mdebug.abi32  0xa0000c30        0x0 build/default/production/_ext/340578644/sys_devcon_pic32mx.o
 .mdebug.abi32  0xa0000c30        0x0 build/default/production/_ext/822048611/sys_ports_static.o
 .mdebug.abi32  0xa0000c30        0x0 build/default/production/_ext/74298950/bsp.o
 .mdebug.abi32  0xa0000c30        0x0 build/default/production/_ext/1688732426/system_init.o
 .mdebug.abi32  0xa0000c30        0x0 build/default/production/_ext/1688732426/system_interrupt.o
 .mdebug.abi32  0xa0000c30        0x0 build/default/production/_ext/1688732426/system_exceptions.o
 .mdebug.abi32  0xa0000c30        0x0 build/default/production/_ext/1688732426/system_tasks.o
 .mdebug.abi32  0xa0000c30        0x0 c:/program files/microchip/xc32/v2.40/bin/bin/../../lib/gcc/pic32mx/4.8.3\libgcc.a(_udivdi3.o)
 .mdebug.abi32  0xa0000c30        0x0 c:/program files/microchip/xc32/v2.40/bin/bin/../../lib/gcc/pic32mx/4.8.3/../../../../pic32mx/lib\libpic32.a(default-bootstrap-exception-handler.o)
 .mdebug.abi32  0xa0000c30        0x0 c:/program files/microchip/xc32/v2.40/bin/bin/../../lib/gcc/pic32mx/4.8.3/../../../../pic32mx/lib\libpic32.a(default-on-reset.o)
 .mdebug.abi32  0xa0000c30        0x0 c:/program files/microchip/xc32/v2.40/bin/bin/../../lib/gcc/pic32mx/4.8.3/../../../../pic32mx/lib\libpic32.a(default-on-bootstrap.o)
 .mdebug.abi32  0xa0000c30        0x0 c:/program files/microchip/xc32/v2.40/bin/bin/../../lib/gcc/pic32mx/4.8.3/../../../../pic32mx/lib\libpic32.a(defaultinterrupt.o)
 .mdebug.abi32  0xa0000c30        0x0 c:/program files/microchip/xc32/v2.40/bin/bin/../../lib/gcc/pic32mx/4.8.3/../../../../pic32mx/lib\libc.a(malloc.o)
 .mdebug.abi32  0xa0000c30        0x0 c:/program files/microchip/xc32/v2.40/bin/bin/../../lib/gcc/pic32mx/4.8.3/../../../../pic32mx/lib\libc.a(strncmp.o)
 .mdebug.abi32  0xa0000c30        0x0 c:/program files/microchip/xc32/v2.40/bin/bin/../../lib/gcc/pic32mx/4.8.3/../../../../pic32mx/lib\libc.a(strncpy.o)
 .mdebug.abi32  0xa0000c30        0x0 c:/program files/microchip/xc32/v2.40/bin/bin/../../lib/gcc/pic32mx/4.8.3/../../../../pic32mx/lib\libpic32.a(sbrk.o)
 .mdebug.abi32  0xa0000c30        0x0 c:/program files/microchip/xc32/v2.40/bin/bin/../../lib/gcc/pic32mx/4.8.3/../../../../pic32mx/lib\libpic32.a(errno.o)

.mdebug.abiN32
 *(.mdebug.abiN32)

.mdebug.abi64
 *(.mdebug.abi64)

.mdebug.abiO64
 *(.mdebug.abiO64)

.mdebug.eabi32
 *(.mdebug.eabi32)

.mdebug.eabi64
 *(.mdebug.eabi64)

.gcc_compiled_long32
 *(.gcc_compiled_long32)

.gcc_compiled_long64
 *(.gcc_compiled_long64)

.stab
 *(.stab)

.stabstr
 *(.stabstr)

.stab.excl
 *(.stab.excl)

.stab.exclstr
 *(.stab.exclstr)

.stab.index
 *(.stab.index)

.stab.indexstr
 *(.stab.indexstr)

.comment        0x00000000       0xe9
 *(.comment)
 .comment       0x00000000       0x3c build/default/production/_ext/1360937237/app.o
                                 0x3d (size before relaxing)
 .comment       0x00000000       0x3d build/default/production/_ext/1360937237/main.o
 .comment       0x00000000       0x3d build/default/production/_ext/1475996069/drv_tmr.o
 .comment       0x00000000       0x3d build/default/production/_ext/2105109636/sys_fs.o
 .comment       0x00000000       0x3d build/default/production/_ext/2105109636/sys_fs_media_manager.o
 .comment       0x00000000       0x3d build/default/production/_ext/312387365/ff.o
 .comment       0x00000000       0x3d build/default/production/_ext/456076708/diskio.o
 .comment       0x00000000       0x3d build/default/production/_ext/1020727214/sys_int_pic32.o
 .comment       0x00000000       0x3d build/default/production/_ext/121402492/sys_tmr.o
 .comment       0x00000000       0x3d build/default/production/_ext/1150371026/drv_usbfs.o
 .comment       0x00000000       0x3d build/default/production/_ext/1699675045/usb_host.o
 .comment       0x00000000       0x3d build/default/production/_ext/1150371026/drv_usbfs_host.o
 .comment       0x00000000       0x3d build/default/production/_ext/1699675045/usb_host_msd.o
 .comment       0x00000000       0x3d build/default/production/_ext/1699675045/usb_host_scsi.o
 .comment       0x00000000       0x3d build/default/production/_ext/639803181/sys_clk_pic32mx.o
 .comment       0x00000000       0x3d build/default/production/_ext/340578644/sys_devcon.o
 .comment       0x00000000       0x3d build/default/production/_ext/340578644/sys_devcon_pic32mx.o
 .comment       0x00000000       0x3d build/default/production/_ext/822048611/sys_ports_static.o
 .comment       0x00000000       0x3d build/default/production/_ext/74298950/bsp.o
 .comment       0x00000000       0x3d build/default/production/_ext/1688732426/system_init.o
 .comment       0x00000000       0x3d build/default/production/_ext/1688732426/system_interrupt.o
 .comment       0x00000000       0x3d build/default/production/_ext/1688732426/system_exceptions.o
 .comment       0x00000000       0x3d build/default/production/_ext/1688732426/system_tasks.o
 .comment       0x00000000       0x3d c:/program files/microchip/xc32/v2.40/bin/bin/../../lib/gcc/pic32mx/4.8.3\libgcc.a(_udivdi3.o)
 .comment       0x0000003c       0x18 c:/program files/microchip/xc32/v2.40/bin/bin/../../lib/gcc/pic32mx/4.8.3/../../../../pic32mx/lib\libpic32.a(memcmp.o)
                                 0x19 (size before relaxing)
 .comment       0x00000054       0x18 c:/program files/microchip/xc32/v2.40/bin/bin/../../lib/gcc/pic32mx/4.8.3/../../../../pic32mx/lib\libpic32.a(memset.o)
                                 0x19 (size before relaxing)
 .comment       0x0000006c       0x19 c:/program files/microchip/xc32/v2.40/bin/bin/../../lib/gcc/pic32mx/4.8.3/../../../../pic32mx/lib\libpic32.a(strcmp.o)
                                 0x1a (size before relaxing)
 .comment       0x00000085       0x19 c:/program files/microchip/xc32/v2.40/bin/bin/../../lib/gcc/pic32mx/4.8.3/../../../../pic32mx/lib\libpic32.a(strlen.o)
                                 0x1a (size before relaxing)
 .comment       0x00000000       0x3d c:/program files/microchip/xc32/v2.40/bin/bin/../../lib/gcc/pic32mx/4.8.3/../../../../pic32mx/lib\libpic32.a(default-bootstrap-exception-handler.o)
 .comment       0x00000000       0x3d c:/program files/microchip/xc32/v2.40/bin/bin/../../lib/gcc/pic32mx/4.8.3/../../../../pic32mx/lib\libpic32.a(default-on-reset.o)
 .comment       0x00000000       0x3d c:/program files/microchip/xc32/v2.40/bin/bin/../../lib/gcc/pic32mx/4.8.3/../../../../pic32mx/lib\libpic32.a(default-on-bootstrap.o)
 .comment       0x00000000       0x3d c:/program files/microchip/xc32/v2.40/bin/bin/../../lib/gcc/pic32mx/4.8.3/../../../../pic32mx/lib\libpic32.a(defaultinterrupt.o)
 .comment       0x00000000       0x3d c:/program files/microchip/xc32/v2.40/bin/bin/../../lib/gcc/pic32mx/4.8.3/../../../../pic32mx/lib\libc.a(malloc.o)
 .comment       0x00000000       0x3d c:/program files/microchip/xc32/v2.40/bin/bin/../../lib/gcc/pic32mx/4.8.3/../../../../pic32mx/lib\libc.a(strncmp.o)
 .comment       0x00000000       0x3d c:/program files/microchip/xc32/v2.40/bin/bin/../../lib/gcc/pic32mx/4.8.3/../../../../pic32mx/lib\libc.a(strncpy.o)
 .comment       0x0000009e       0x4b c:/program files/microchip/xc32/v2.40/bin/bin/../../lib/gcc/pic32mx/4.8.3/../../../../pic32mx/lib\libpic32.a(sbrk.o)
                                 0x88 (size before relaxing)
 .comment       0x00000000       0x3d c:/program files/microchip/xc32/v2.40/bin/bin/../../lib/gcc/pic32mx/4.8.3/../../../../pic32mx/lib\libpic32.a(errno.o)

.debug
 *(.debug)

.line
 *(.line)

.debug_srcinfo
 *(.debug_srcinfo)

.debug_sfnames
 *(.debug_sfnames)

.debug_aranges  0x00000000     0x1008
 *(.debug_aranges)
 .debug_aranges
                0x00000000       0x38 build/default/production/_ext/1360937237/app.o
 .debug_aranges
                0x00000038       0x20 build/default/production/_ext/1360937237/main.o
 .debug_aranges
                0x00000058      0x110 build/default/production/_ext/1475996069/drv_tmr.o
 .debug_aranges
                0x00000168      0x178 build/default/production/_ext/2105109636/sys_fs.o
 .debug_aranges
                0x000002e0       0xa0 build/default/production/_ext/2105109636/sys_fs_media_manager.o
 .debug_aranges
                0x00000380      0x228 build/default/production/_ext/312387365/ff.o
 .debug_aranges
                0x000005a8       0x50 build/default/production/_ext/456076708/diskio.o
 .debug_aranges
                0x000005f8       0x48 build/default/production/_ext/1020727214/sys_int_pic32.o
 .debug_aranges
                0x00000640       0xd0 build/default/production/_ext/121402492/sys_tmr.o
 .debug_aranges
                0x00000710       0x60 build/default/production/_ext/1150371026/drv_usbfs.o
 .debug_aranges
                0x00000770      0x1e0 build/default/production/_ext/1699675045/usb_host.o
 .debug_aranges
                0x00000950       0xf8 build/default/production/_ext/1150371026/drv_usbfs_host.o
 .debug_aranges
                0x00000a48       0x98 build/default/production/_ext/1699675045/usb_host_msd.o
 .debug_aranges
                0x00000ae0       0xe0 build/default/production/_ext/1699675045/usb_host_scsi.o
 .debug_aranges
                0x00000bc0       0x50 build/default/production/_ext/639803181/sys_clk_pic32mx.o
 .debug_aranges
                0x00000c10       0x78 build/default/production/_ext/340578644/sys_devcon.o
 .debug_aranges
                0x00000c88       0x20 build/default/production/_ext/340578644/sys_devcon_pic32mx.o
 .debug_aranges
                0x00000ca8      0x148 build/default/production/_ext/822048611/sys_ports_static.o
 .debug_aranges
                0x00000df0       0x40 build/default/production/_ext/74298950/bsp.o
 .debug_aranges
                0x00000e30       0x20 build/default/production/_ext/1688732426/system_init.o
 .debug_aranges
                0x00000e50       0x28 build/default/production/_ext/1688732426/system_interrupt.o
 .debug_aranges
                0x00000e78       0x20 build/default/production/_ext/1688732426/system_exceptions.o
 .debug_aranges
                0x00000e98       0x20 build/default/production/_ext/1688732426/system_tasks.o
 .debug_aranges
                0x00000eb8       0x20 c:/program files/microchip/xc32/v2.40/bin/bin/../../lib/gcc/pic32mx/4.8.3\libgcc.a(_udivdi3.o)
 .debug_aranges
                0x00000ed8       0x20 c:/program files/microchip/xc32/v2.40/bin/bin/../../lib/gcc/pic32mx/4.8.3/../../../../pic32mx/lib\libpic32.a(default-bootstrap-exception-handler.o)
 .debug_aranges
                0x00000ef8       0x20 c:/program files/microchip/xc32/v2.40/bin/bin/../../lib/gcc/pic32mx/4.8.3/../../../../pic32mx/lib\libpic32.a(default-on-reset.o)
 .debug_aranges
                0x00000f18       0x20 c:/program files/microchip/xc32/v2.40/bin/bin/../../lib/gcc/pic32mx/4.8.3/../../../../pic32mx/lib\libpic32.a(default-on-bootstrap.o)
 .debug_aranges
                0x00000f38       0x20 c:/program files/microchip/xc32/v2.40/bin/bin/../../lib/gcc/pic32mx/4.8.3/../../../../pic32mx/lib\libpic32.a(defaultinterrupt.o)
 .debug_aranges
                0x00000f58       0x30 c:/program files/microchip/xc32/v2.40/bin/bin/../../lib/gcc/pic32mx/4.8.3/../../../../pic32mx/lib\libc.a(malloc.o)
 .debug_aranges
                0x00000f88       0x20 c:/program files/microchip/xc32/v2.40/bin/bin/../../lib/gcc/pic32mx/4.8.3/../../../../pic32mx/lib\libc.a(strncmp.o)
 .debug_aranges
                0x00000fa8       0x20 c:/program files/microchip/xc32/v2.40/bin/bin/../../lib/gcc/pic32mx/4.8.3/../../../../pic32mx/lib\libc.a(strncpy.o)
 .debug_aranges
                0x00000fc8       0x40 c:/program files/microchip/xc32/v2.40/bin/bin/../../lib/gcc/pic32mx/4.8.3/../../../../pic32mx/lib\libpic32.a(sbrk.o)

.debug_pubnames
 *(.debug_pubnames)

.debug_info     0x00000000    0x4746b
 *(.debug_info .gnu.linkonce.wi.*)
 .debug_info    0x00000000     0x1b65 build/default/production/_ext/1360937237/app.o
 .debug_info    0x00001b65      0x19b build/default/production/_ext/1360937237/main.o
 .debug_info    0x00001d00     0x562f build/default/production/_ext/1475996069/drv_tmr.o
 .debug_info    0x0000732f     0x420a build/default/production/_ext/2105109636/sys_fs.o
 .debug_info    0x0000b539     0x25e8 build/default/production/_ext/2105109636/sys_fs_media_manager.o
 .debug_info    0x0000db21     0x5549 build/default/production/_ext/312387365/ff.o
 .debug_info    0x0001306a      0xe6f build/default/production/_ext/456076708/diskio.o
 .debug_info    0x00013ed9     0x1597 build/default/production/_ext/1020727214/sys_int_pic32.o
 .debug_info    0x00015470     0x2a60 build/default/production/_ext/121402492/sys_tmr.o
 .debug_info    0x00017ed0     0x567f build/default/production/_ext/1150371026/drv_usbfs.o
 .debug_info    0x0001d54f     0x8006 build/default/production/_ext/1699675045/usb_host.o
 .debug_info    0x00025555     0x9a6c build/default/production/_ext/1150371026/drv_usbfs_host.o
 .debug_info    0x0002efc1     0x3d2f build/default/production/_ext/1699675045/usb_host_msd.o
 .debug_info    0x00032cf0     0x39b8 build/default/production/_ext/1699675045/usb_host_scsi.o
 .debug_info    0x000366a8     0x14bc build/default/production/_ext/639803181/sys_clk_pic32mx.o
 .debug_info    0x00037b64     0x1771 build/default/production/_ext/340578644/sys_devcon.o
 .debug_info    0x000392d5     0x18b4 build/default/production/_ext/340578644/sys_devcon_pic32mx.o
 .debug_info    0x0003ab89     0x40fe build/default/production/_ext/822048611/sys_ports_static.o
 .debug_info    0x0003ec87      0xa11 build/default/production/_ext/74298950/bsp.o
 .debug_info    0x0003f698     0x4e40 build/default/production/_ext/1688732426/system_init.o
 .debug_info    0x000444d8      0xa5f build/default/production/_ext/1688732426/system_interrupt.o
 .debug_info    0x00044f37      0xc3a build/default/production/_ext/1688732426/system_exceptions.o
 .debug_info    0x00045b71      0xa80 build/default/production/_ext/1688732426/system_tasks.o
 .debug_info    0x000465f1      0x74b c:/program files/microchip/xc32/v2.40/bin/bin/../../lib/gcc/pic32mx/4.8.3\libgcc.a(_udivdi3.o)
 .debug_info    0x00046d3c       0xf4 c:/program files/microchip/xc32/v2.40/bin/bin/../../lib/gcc/pic32mx/4.8.3/../../../../pic32mx/lib\libpic32.a(default-bootstrap-exception-handler.o)
 .debug_info    0x00046e30       0xcd c:/program files/microchip/xc32/v2.40/bin/bin/../../lib/gcc/pic32mx/4.8.3/../../../../pic32mx/lib\libpic32.a(default-on-reset.o)
 .debug_info    0x00046efd       0xd5 c:/program files/microchip/xc32/v2.40/bin/bin/../../lib/gcc/pic32mx/4.8.3/../../../../pic32mx/lib\libpic32.a(default-on-bootstrap.o)
 .debug_info    0x00046fd2       0xe7 c:/program files/microchip/xc32/v2.40/bin/bin/../../lib/gcc/pic32mx/4.8.3/../../../../pic32mx/lib\libpic32.a(defaultinterrupt.o)
 .debug_info    0x000470b9       0xf5 c:/program files/microchip/xc32/v2.40/bin/bin/../../lib/gcc/pic32mx/4.8.3/../../../../pic32mx/lib\libc.a(malloc.o)
 .debug_info    0x000471ae       0xc6 c:/program files/microchip/xc32/v2.40/bin/bin/../../lib/gcc/pic32mx/4.8.3/../../../../pic32mx/lib\libc.a(strncmp.o)
 .debug_info    0x00047274       0xc6 c:/program files/microchip/xc32/v2.40/bin/bin/../../lib/gcc/pic32mx/4.8.3/../../../../pic32mx/lib\libc.a(strncpy.o)
 .debug_info    0x0004733a      0x131 c:/program files/microchip/xc32/v2.40/bin/bin/../../lib/gcc/pic32mx/4.8.3/../../../../pic32mx/lib\libpic32.a(sbrk.o)

.debug_abbrev   0x00000000     0x4747
 *(.debug_abbrev)
 .debug_abbrev  0x00000000      0x275 build/default/production/_ext/1360937237/app.o
 .debug_abbrev  0x00000275       0x93 build/default/production/_ext/1360937237/main.o
 .debug_abbrev  0x00000308      0x4d7 build/default/production/_ext/1475996069/drv_tmr.o
 .debug_abbrev  0x000007df      0x455 build/default/production/_ext/2105109636/sys_fs.o
 .debug_abbrev  0x00000c34      0x494 build/default/production/_ext/2105109636/sys_fs_media_manager.o
 .debug_abbrev  0x000010c8      0x372 build/default/production/_ext/312387365/ff.o
 .debug_abbrev  0x0000143a      0x202 build/default/production/_ext/456076708/diskio.o
 .debug_abbrev  0x0000163c      0x237 build/default/production/_ext/1020727214/sys_int_pic32.o
 .debug_abbrev  0x00001873      0x500 build/default/production/_ext/121402492/sys_tmr.o
 .debug_abbrev  0x00001d73      0x447 build/default/production/_ext/1150371026/drv_usbfs.o
 .debug_abbrev  0x000021ba      0x540 build/default/production/_ext/1699675045/usb_host.o
 .debug_abbrev  0x000026fa      0x4c7 build/default/production/_ext/1150371026/drv_usbfs_host.o
 .debug_abbrev  0x00002bc1      0x41a build/default/production/_ext/1699675045/usb_host_msd.o
 .debug_abbrev  0x00002fdb      0x34d build/default/production/_ext/1699675045/usb_host_scsi.o
 .debug_abbrev  0x00003328      0x26b build/default/production/_ext/639803181/sys_clk_pic32mx.o
 .debug_abbrev  0x00003593      0x27b build/default/production/_ext/340578644/sys_devcon.o
 .debug_abbrev  0x0000380e      0x20f build/default/production/_ext/340578644/sys_devcon_pic32mx.o
 .debug_abbrev  0x00003a1d      0x279 build/default/production/_ext/822048611/sys_ports_static.o
 .debug_abbrev  0x00003c96      0x18d build/default/production/_ext/74298950/bsp.o
 .debug_abbrev  0x00003e23      0x320 build/default/production/_ext/1688732426/system_init.o
 .debug_abbrev  0x00004143      0x11a build/default/production/_ext/1688732426/system_interrupt.o
 .debug_abbrev  0x0000425d       0xfc build/default/production/_ext/1688732426/system_exceptions.o
 .debug_abbrev  0x00004359      0x12b build/default/production/_ext/1688732426/system_tasks.o
 .debug_abbrev  0x00004484      0x138 c:/program files/microchip/xc32/v2.40/bin/bin/../../lib/gcc/pic32mx/4.8.3\libgcc.a(_udivdi3.o)
 .debug_abbrev  0x000045bc       0x28 c:/program files/microchip/xc32/v2.40/bin/bin/../../lib/gcc/pic32mx/4.8.3/../../../../pic32mx/lib\libpic32.a(default-bootstrap-exception-handler.o)
 .debug_abbrev  0x000045e4       0x28 c:/program files/microchip/xc32/v2.40/bin/bin/../../lib/gcc/pic32mx/4.8.3/../../../../pic32mx/lib\libpic32.a(default-on-reset.o)
 .debug_abbrev  0x0000460c       0x28 c:/program files/microchip/xc32/v2.40/bin/bin/../../lib/gcc/pic32mx/4.8.3/../../../../pic32mx/lib\libpic32.a(default-on-bootstrap.o)
 .debug_abbrev  0x00004634       0x28 c:/program files/microchip/xc32/v2.40/bin/bin/../../lib/gcc/pic32mx/4.8.3/../../../../pic32mx/lib\libpic32.a(defaultinterrupt.o)
 .debug_abbrev  0x0000465c       0x47 c:/program files/microchip/xc32/v2.40/bin/bin/../../lib/gcc/pic32mx/4.8.3/../../../../pic32mx/lib\libc.a(malloc.o)
 .debug_abbrev  0x000046a3       0x28 c:/program files/microchip/xc32/v2.40/bin/bin/../../lib/gcc/pic32mx/4.8.3/../../../../pic32mx/lib\libc.a(strncmp.o)
 .debug_abbrev  0x000046cb       0x28 c:/program files/microchip/xc32/v2.40/bin/bin/../../lib/gcc/pic32mx/4.8.3/../../../../pic32mx/lib\libc.a(strncpy.o)
 .debug_abbrev  0x000046f3       0x54 c:/program files/microchip/xc32/v2.40/bin/bin/../../lib/gcc/pic32mx/4.8.3/../../../../pic32mx/lib\libpic32.a(sbrk.o)

.debug_line     0x00000000     0xa42d
 *(.debug_line)
 .debug_line    0x00000000      0x3c4 build/default/production/_ext/1360937237/app.o
 .debug_line    0x000003c4       0xb0 build/default/production/_ext/1360937237/main.o
 .debug_line    0x00000474      0xc54 build/default/production/_ext/1475996069/drv_tmr.o
 .debug_line    0x000010c8      0xd67 build/default/production/_ext/2105109636/sys_fs.o
 .debug_line    0x00001e2f      0x637 build/default/production/_ext/2105109636/sys_fs_media_manager.o
 .debug_line    0x00002466     0x10df build/default/production/_ext/312387365/ff.o
 .debug_line    0x00003545      0x230 build/default/production/_ext/456076708/diskio.o
 .debug_line    0x00003775      0x2e9 build/default/production/_ext/1020727214/sys_int_pic32.o
 .debug_line    0x00003a5e      0x669 build/default/production/_ext/121402492/sys_tmr.o
 .debug_line    0x000040c7      0x763 build/default/production/_ext/1150371026/drv_usbfs.o
 .debug_line    0x0000482a     0x1138 build/default/production/_ext/1699675045/usb_host.o
 .debug_line    0x00005962     0x100a build/default/production/_ext/1150371026/drv_usbfs_host.o
 .debug_line    0x0000696c      0x677 build/default/production/_ext/1699675045/usb_host_msd.o
 .debug_line    0x00006fe3      0x6b4 build/default/production/_ext/1699675045/usb_host_scsi.o
 .debug_line    0x00007697      0x41b build/default/production/_ext/639803181/sys_clk_pic32mx.o
 .debug_line    0x00007ab2      0x646 build/default/production/_ext/340578644/sys_devcon.o
 .debug_line    0x000080f8      0x497 build/default/production/_ext/340578644/sys_devcon_pic32mx.o
 .debug_line    0x0000858f      0x775 build/default/production/_ext/822048611/sys_ports_static.o
 .debug_line    0x00008d04      0x27c build/default/production/_ext/74298950/bsp.o
 .debug_line    0x00008f80      0x806 build/default/production/_ext/1688732426/system_init.o
 .debug_line    0x00009786      0x249 build/default/production/_ext/1688732426/system_interrupt.o
 .debug_line    0x000099cf      0x215 build/default/production/_ext/1688732426/system_exceptions.o
 .debug_line    0x00009be4      0x2da build/default/production/_ext/1688732426/system_tasks.o
 .debug_line    0x00009ebe       0xf7 c:/program files/microchip/xc32/v2.40/bin/bin/../../lib/gcc/pic32mx/4.8.3\libgcc.a(_udivdi3.o)
 .debug_line    0x00009fb5       0xa6 c:/program files/microchip/xc32/v2.40/bin/bin/../../lib/gcc/pic32mx/4.8.3/../../../../pic32mx/lib\libpic32.a(default-bootstrap-exception-handler.o)
 .debug_line    0x0000a05b       0x93 c:/program files/microchip/xc32/v2.40/bin/bin/../../lib/gcc/pic32mx/4.8.3/../../../../pic32mx/lib\libpic32.a(default-on-reset.o)
 .debug_line    0x0000a0ee       0x97 c:/program files/microchip/xc32/v2.40/bin/bin/../../lib/gcc/pic32mx/4.8.3/../../../../pic32mx/lib\libpic32.a(default-on-bootstrap.o)
 .debug_line    0x0000a185       0xa5 c:/program files/microchip/xc32/v2.40/bin/bin/../../lib/gcc/pic32mx/4.8.3/../../../../pic32mx/lib\libpic32.a(defaultinterrupt.o)
 .debug_line    0x0000a22a       0x7e c:/program files/microchip/xc32/v2.40/bin/bin/../../lib/gcc/pic32mx/4.8.3/../../../../pic32mx/lib\libc.a(malloc.o)
 .debug_line    0x0000a2a8       0x7f c:/program files/microchip/xc32/v2.40/bin/bin/../../lib/gcc/pic32mx/4.8.3/../../../../pic32mx/lib\libc.a(strncmp.o)
 .debug_line    0x0000a327       0x7f c:/program files/microchip/xc32/v2.40/bin/bin/../../lib/gcc/pic32mx/4.8.3/../../../../pic32mx/lib\libc.a(strncpy.o)
 .debug_line    0x0000a3a6       0x87 c:/program files/microchip/xc32/v2.40/bin/bin/../../lib/gcc/pic32mx/4.8.3/../../../../pic32mx/lib\libpic32.a(sbrk.o)
 .debug_line    0x0000a42d        0x0 c:/program files/microchip/xc32/v2.40/bin/bin/../../lib/gcc/pic32mx/4.8.3/../../../../pic32mx/lib\libpic32.a(errno.o)

.debug_frame    0x00000000     0x2ba8
 *(.debug_frame)
 .debug_frame   0x00000000       0x60 build/default/production/_ext/1360937237/app.o
 .debug_frame   0x00000060       0x28 build/default/production/_ext/1360937237/main.o
 .debug_frame   0x00000088      0x2f0 build/default/production/_ext/1475996069/drv_tmr.o
 .debug_frame   0x00000378      0x52c build/default/production/_ext/2105109636/sys_fs.o
 .debug_frame   0x000008a4      0x1f8 build/default/production/_ext/2105109636/sys_fs_media_manager.o
 .debug_frame   0x00000a9c      0x850 build/default/production/_ext/312387365/ff.o
 .debug_frame   0x000012ec       0xbc build/default/production/_ext/456076708/diskio.o
 .debug_frame   0x000013a8       0xa0 build/default/production/_ext/1020727214/sys_int_pic32.o
 .debug_frame   0x00001448      0x284 build/default/production/_ext/121402492/sys_tmr.o
 .debug_frame   0x000016cc       0xcc build/default/production/_ext/1150371026/drv_usbfs.o
 .debug_frame   0x00001798      0x5c4 build/default/production/_ext/1699675045/usb_host.o
 .debug_frame   0x00001d5c      0x288 build/default/production/_ext/1150371026/drv_usbfs_host.o
 .debug_frame   0x00001fe4      0x1a8 build/default/production/_ext/1699675045/usb_host_msd.o
 .debug_frame   0x0000218c      0x234 build/default/production/_ext/1699675045/usb_host_scsi.o
 .debug_frame   0x000023c0       0xa4 build/default/production/_ext/639803181/sys_clk_pic32mx.o
 .debug_frame   0x00002464       0xf4 build/default/production/_ext/340578644/sys_devcon.o
 .debug_frame   0x00002558       0x2c build/default/production/_ext/340578644/sys_devcon_pic32mx.o
 .debug_frame   0x00002584      0x270 build/default/production/_ext/822048611/sys_ports_static.o
 .debug_frame   0x000027f4       0x60 build/default/production/_ext/74298950/bsp.o
 .debug_frame   0x00002854       0x34 build/default/production/_ext/1688732426/system_init.o
 .debug_frame   0x00002888       0xc0 build/default/production/_ext/1688732426/system_interrupt.o
 .debug_frame   0x00002948       0x28 build/default/production/_ext/1688732426/system_exceptions.o
 .debug_frame   0x00002970       0x2c build/default/production/_ext/1688732426/system_tasks.o
 .debug_frame   0x0000299c       0x20 c:/program files/microchip/xc32/v2.40/bin/bin/../../lib/gcc/pic32mx/4.8.3\libgcc.a(_udivdi3.o)
 .debug_frame   0x000029bc       0x2c c:/program files/microchip/xc32/v2.40/bin/bin/../../lib/gcc/pic32mx/4.8.3/../../../../pic32mx/lib\libpic32.a(default-bootstrap-exception-handler.o)
 .debug_frame   0x000029e8       0x20 c:/program files/microchip/xc32/v2.40/bin/bin/../../lib/gcc/pic32mx/4.8.3/../../../../pic32mx/lib\libpic32.a(default-on-reset.o)
 .debug_frame   0x00002a08       0x20 c:/program files/microchip/xc32/v2.40/bin/bin/../../lib/gcc/pic32mx/4.8.3/../../../../pic32mx/lib\libpic32.a(default-on-bootstrap.o)
 .debug_frame   0x00002a28       0x20 c:/program files/microchip/xc32/v2.40/bin/bin/../../lib/gcc/pic32mx/4.8.3/../../../../pic32mx/lib\libpic32.a(defaultinterrupt.o)
 .debug_frame   0x00002a48       0x7c c:/program files/microchip/xc32/v2.40/bin/bin/../../lib/gcc/pic32mx/4.8.3/../../../../pic32mx/lib\libc.a(malloc.o)
 .debug_frame   0x00002ac4       0x20 c:/program files/microchip/xc32/v2.40/bin/bin/../../lib/gcc/pic32mx/4.8.3/../../../../pic32mx/lib\libc.a(strncmp.o)
 .debug_frame   0x00002ae4       0x20 c:/program files/microchip/xc32/v2.40/bin/bin/../../lib/gcc/pic32mx/4.8.3/../../../../pic32mx/lib\libc.a(strncpy.o)
 .debug_frame   0x00002b04       0xa4 c:/program files/microchip/xc32/v2.40/bin/bin/../../lib/gcc/pic32mx/4.8.3/../../../../pic32mx/lib\libpic32.a(sbrk.o)

.debug_str      0x00000000      0xe67
 *(.debug_str)
 .debug_str     0x00000000       0x1f build/default/production/_ext/1360937237/app.o
 .debug_str     0x0000001f        0x0 build/default/production/_ext/1360937237/main.o
 .debug_str     0x0000001f       0xc6 build/default/production/_ext/1475996069/drv_tmr.o
 .debug_str     0x000000e5       0xc1 build/default/production/_ext/2105109636/sys_fs.o
 .debug_str     0x000001a6       0xe7 build/default/production/_ext/2105109636/sys_fs_media_manager.o
 .debug_str     0x0000028d       0x23 build/default/production/_ext/312387365/ff.o
 .debug_str     0x000002b0       0x16 build/default/production/_ext/456076708/diskio.o
 .debug_str     0x000002c6       0x1d build/default/production/_ext/1020727214/sys_int_pic32.o
 .debug_str     0x000002e3       0x7d build/default/production/_ext/121402492/sys_tmr.o
 .debug_str     0x00000360      0x101 build/default/production/_ext/1150371026/drv_usbfs.o
 .debug_str     0x00000461      0x415 build/default/production/_ext/1699675045/usb_host.o
 .debug_str     0x00000876      0x29e build/default/production/_ext/1150371026/drv_usbfs_host.o
 .debug_str     0x00000b14      0x188 build/default/production/_ext/1699675045/usb_host_msd.o
 .debug_str     0x00000c9c       0xbd build/default/production/_ext/1699675045/usb_host_scsi.o
 .debug_str     0x00000d59       0x39 build/default/production/_ext/639803181/sys_clk_pic32mx.o
 .debug_str     0x00000d92       0x16 build/default/production/_ext/340578644/sys_devcon.o
 .debug_str     0x00000da8        0x6 build/default/production/_ext/340578644/sys_devcon_pic32mx.o
 .debug_str     0x00000dae       0x55 build/default/production/_ext/822048611/sys_ports_static.o
 .debug_str     0x00000e03       0x15 build/default/production/_ext/74298950/bsp.o
 .debug_str     0x00000e18       0x4f build/default/production/_ext/1688732426/system_init.o
 .debug_str     0x00000e67        0x0 build/default/production/_ext/1688732426/system_interrupt.o
 .debug_str     0x00000e67        0x0 build/default/production/_ext/1688732426/system_exceptions.o
 .debug_str     0x00000e67        0x0 build/default/production/_ext/1688732426/system_tasks.o
 .debug_str     0x00000e67        0x0 c:/program files/microchip/xc32/v2.40/bin/bin/../../lib/gcc/pic32mx/4.8.3\libgcc.a(_udivdi3.o)
 .debug_str     0x00000e67        0x0 c:/program files/microchip/xc32/v2.40/bin/bin/../../lib/gcc/pic32mx/4.8.3/../../../../pic32mx/lib\libpic32.a(default-bootstrap-exception-handler.o)
 .debug_str     0x00000e67        0x0 c:/program files/microchip/xc32/v2.40/bin/bin/../../lib/gcc/pic32mx/4.8.3/../../../../pic32mx/lib\libpic32.a(default-on-reset.o)
 .debug_str     0x00000e67        0x0 c:/program files/microchip/xc32/v2.40/bin/bin/../../lib/gcc/pic32mx/4.8.3/../../../../pic32mx/lib\libpic32.a(default-on-bootstrap.o)
 .debug_str     0x00000e67        0x0 c:/program files/microchip/xc32/v2.40/bin/bin/../../lib/gcc/pic32mx/4.8.3/../../../../pic32mx/lib\libpic32.a(defaultinterrupt.o)
 .debug_str     0x00000e67        0x0 c:/program files/microchip/xc32/v2.40/bin/bin/../../lib/gcc/pic32mx/4.8.3/../../../../pic32mx/lib\libc.a(malloc.o)
 .debug_str     0x00000e67        0x0 c:/program files/microchip/xc32/v2.40/bin/bin/../../lib/gcc/pic32mx/4.8.3/../../../../pic32mx/lib\libc.a(strncmp.o)
 .debug_str     0x00000e67        0x0 c:/program files/microchip/xc32/v2.40/bin/bin/../../lib/gcc/pic32mx/4.8.3/../../../../pic32mx/lib\libc.a(strncpy.o)
 .debug_str     0x00000e67        0x0 c:/program files/microchip/xc32/v2.40/bin/bin/../../lib/gcc/pic32mx/4.8.3/../../../../pic32mx/lib\libpic32.a(sbrk.o)
 .debug_str     0x00000e67        0x0 c:/program files/microchip/xc32/v2.40/bin/bin/../../lib/gcc/pic32mx/4.8.3/../../../../pic32mx/lib\libpic32.a(errno.o)

.debug_loc      0x00000000    0x18739
 *(.debug_loc)
 .debug_loc     0x00000000      0x140 build/default/production/_ext/1360937237/app.o
 .debug_loc     0x00000140     0x1907 build/default/production/_ext/1475996069/drv_tmr.o
 .debug_loc     0x00001a47     0x32d1 build/default/production/_ext/2105109636/sys_fs.o
 .debug_loc     0x00004d18      0xd81 build/default/production/_ext/2105109636/sys_fs_media_manager.o
 .debug_loc     0x00005a99     0x655c build/default/production/_ext/312387365/ff.o
 .debug_loc     0x0000bff5      0x262 build/default/production/_ext/456076708/diskio.o
 .debug_loc     0x0000c257       0x7c build/default/production/_ext/1020727214/sys_int_pic32.o
 .debug_loc     0x0000c2d3      0xe68 build/default/production/_ext/121402492/sys_tmr.o
 .debug_loc     0x0000d13b      0x4ec build/default/production/_ext/1150371026/drv_usbfs.o
 .debug_loc     0x0000d627     0x4a4d build/default/production/_ext/1699675045/usb_host.o
 .debug_loc     0x00012074     0x3708 build/default/production/_ext/1150371026/drv_usbfs_host.o
 .debug_loc     0x0001577c     0x106e build/default/production/_ext/1699675045/usb_host_msd.o
 .debug_loc     0x000167ea      0xad0 build/default/production/_ext/1699675045/usb_host_scsi.o
 .debug_loc     0x000172ba       0x49 build/default/production/_ext/639803181/sys_clk_pic32mx.o
 .debug_loc     0x00017303       0xf0 build/default/production/_ext/340578644/sys_devcon.o
 .debug_loc     0x000173f3       0xda build/default/production/_ext/340578644/sys_devcon_pic32mx.o
 .debug_loc     0x000174cd      0x73d build/default/production/_ext/822048611/sys_ports_static.o
 .debug_loc     0x00017c0a       0x21 build/default/production/_ext/1688732426/system_init.o
 .debug_loc     0x00017c2b      0xa6a c:/program files/microchip/xc32/v2.40/bin/bin/../../lib/gcc/pic32mx/4.8.3\libgcc.a(_udivdi3.o)
 .debug_loc     0x00018695       0x2c c:/program files/microchip/xc32/v2.40/bin/bin/../../lib/gcc/pic32mx/4.8.3/../../../../pic32mx/lib\libpic32.a(default-bootstrap-exception-handler.o)
 .debug_loc     0x000186c1       0x78 c:/program files/microchip/xc32/v2.40/bin/bin/../../lib/gcc/pic32mx/4.8.3/../../../../pic32mx/lib\libpic32.a(sbrk.o)

.debug_macinfo
 *(.debug_macinfo)

.debug_weaknames
 *(.debug_weaknames)

.debug_funcnames
 *(.debug_funcnames)

.debug_typenames
 *(.debug_typenames)

.debug_varnames
 *(.debug_varnames)

.debug_pubtypes
 *(.debug_pubtypes)

.debug_ranges   0x00000000     0x1420
 *(.debug_ranges)
 .debug_ranges  0x00000000       0x28 build/default/production/_ext/1360937237/app.o
 .debug_ranges  0x00000028       0x10 build/default/production/_ext/1360937237/main.o
 .debug_ranges  0x00000038      0x240 build/default/production/_ext/1475996069/drv_tmr.o
 .debug_ranges  0x00000278      0x218 build/default/production/_ext/2105109636/sys_fs.o
 .debug_ranges  0x00000490      0x150 build/default/production/_ext/2105109636/sys_fs_media_manager.o
 .debug_ranges  0x000005e0      0x3f8 build/default/production/_ext/312387365/ff.o
 .debug_ranges  0x000009d8       0x40 build/default/production/_ext/456076708/diskio.o
 .debug_ranges  0x00000a18       0x50 build/default/production/_ext/1020727214/sys_int_pic32.o
 .debug_ranges  0x00000a68      0x148 build/default/production/_ext/121402492/sys_tmr.o
 .debug_ranges  0x00000bb0       0x50 build/default/production/_ext/1150371026/drv_usbfs.o
 .debug_ranges  0x00000c00      0x230 build/default/production/_ext/1699675045/usb_host.o
 .debug_ranges  0x00000e30       0xe8 build/default/production/_ext/1150371026/drv_usbfs_host.o
 .debug_ranges  0x00000f18       0x88 build/default/production/_ext/1699675045/usb_host_msd.o
 .debug_ranges  0x00000fa0       0xd0 build/default/production/_ext/1699675045/usb_host_scsi.o
 .debug_ranges  0x00001070       0x40 build/default/production/_ext/639803181/sys_clk_pic32mx.o
 .debug_ranges  0x000010b0       0x68 build/default/production/_ext/340578644/sys_devcon.o
 .debug_ranges  0x00001118       0x10 build/default/production/_ext/340578644/sys_devcon_pic32mx.o
 .debug_ranges  0x00001128      0x138 build/default/production/_ext/822048611/sys_ports_static.o
 .debug_ranges  0x00001260       0x30 build/default/production/_ext/74298950/bsp.o
 .debug_ranges  0x00001290       0x10 build/default/production/_ext/1688732426/system_init.o
 .debug_ranges  0x000012a0       0x18 build/default/production/_ext/1688732426/system_interrupt.o
 .debug_ranges  0x000012b8       0x10 build/default/production/_ext/1688732426/system_exceptions.o
 .debug_ranges  0x000012c8       0x10 build/default/production/_ext/1688732426/system_tasks.o
 .debug_ranges  0x000012d8       0x98 c:/program files/microchip/xc32/v2.40/bin/bin/../../lib/gcc/pic32mx/4.8.3\libgcc.a(_udivdi3.o)
 .debug_ranges  0x00001370       0x10 c:/program files/microchip/xc32/v2.40/bin/bin/../../lib/gcc/pic32mx/4.8.3/../../../../pic32mx/lib\libpic32.a(default-bootstrap-exception-handler.o)
 .debug_ranges  0x00001380       0x10 c:/program files/microchip/xc32/v2.40/bin/bin/../../lib/gcc/pic32mx/4.8.3/../../../../pic32mx/lib\libpic32.a(default-on-reset.o)
 .debug_ranges  0x00001390       0x10 c:/program files/microchip/xc32/v2.40/bin/bin/../../lib/gcc/pic32mx/4.8.3/../../../../pic32mx/lib\libpic32.a(default-on-bootstrap.o)
 .debug_ranges  0x000013a0       0x10 c:/program files/microchip/xc32/v2.40/bin/bin/../../lib/gcc/pic32mx/4.8.3/../../../../pic32mx/lib\libpic32.a(defaultinterrupt.o)
 .debug_ranges  0x000013b0       0x20 c:/program files/microchip/xc32/v2.40/bin/bin/../../lib/gcc/pic32mx/4.8.3/../../../../pic32mx/lib\libc.a(malloc.o)
 .debug_ranges  0x000013d0       0x10 c:/program files/microchip/xc32/v2.40/bin/bin/../../lib/gcc/pic32mx/4.8.3/../../../../pic32mx/lib\libc.a(strncmp.o)
 .debug_ranges  0x000013e0       0x10 c:/program files/microchip/xc32/v2.40/bin/bin/../../lib/gcc/pic32mx/4.8.3/../../../../pic32mx/lib\libc.a(strncpy.o)
 .debug_ranges  0x000013f0       0x30 c:/program files/microchip/xc32/v2.40/bin/bin/../../lib/gcc/pic32mx/4.8.3/../../../../pic32mx/lib\libpic32.a(sbrk.o)

.gnu.attributes
                0x00000000       0x10
 *(.gnu.attributes)
 .gnu.attributes
                0x00000000       0x10 build/default/production/_ext/1360937237/app.o
 .gnu.attributes
                0x00000010       0x10 build/default/production/_ext/1360937237/main.o
 .gnu.attributes
                0x00000020       0x10 build/default/production/_ext/1475996069/drv_tmr.o
 .gnu.attributes
                0x00000030       0x10 build/default/production/_ext/2105109636/sys_fs.o
 .gnu.attributes
                0x00000040       0x10 build/default/production/_ext/2105109636/sys_fs_media_manager.o
 .gnu.attributes
                0x00000050       0x10 build/default/production/_ext/312387365/ff.o
 .gnu.attributes
                0x00000060       0x10 build/default/production/_ext/456076708/diskio.o
 .gnu.attributes
                0x00000070       0x10 build/default/production/_ext/1020727214/sys_int_pic32.o
 .gnu.attributes
                0x00000080       0x10 build/default/production/_ext/121402492/sys_tmr.o
 .gnu.attributes
                0x00000090       0x10 build/default/production/_ext/1150371026/drv_usbfs.o
 .gnu.attributes
                0x000000a0       0x10 build/default/production/_ext/1699675045/usb_host.o
 .gnu.attributes
                0x000000b0       0x10 build/default/production/_ext/1150371026/drv_usbfs_host.o
 .gnu.attributes
                0x000000c0       0x10 build/default/production/_ext/1699675045/usb_host_msd.o
 .gnu.attributes
                0x000000d0       0x10 build/default/production/_ext/1699675045/usb_host_scsi.o
 .gnu.attributes
                0x000000e0       0x10 build/default/production/_ext/639803181/sys_clk_pic32mx.o
 .gnu.attributes
                0x000000f0       0x10 build/default/production/_ext/340578644/sys_devcon.o
 .gnu.attributes
                0x00000100       0x10 build/default/production/_ext/340578644/sys_devcon_pic32mx.o
 .gnu.attributes
                0x00000110       0x10 build/default/production/_ext/822048611/sys_ports_static.o
 .gnu.attributes
                0x00000120       0x10 build/default/production/_ext/74298950/bsp.o
 .gnu.attributes
                0x00000130       0x10 build/default/production/_ext/1688732426/system_init.o
 .gnu.attributes
                0x00000140       0x10 build/default/production/_ext/1688732426/system_interrupt.o
 .gnu.attributes
                0x00000150       0x10 build/default/production/_ext/1688732426/system_exceptions.o
 .gnu.attributes
                0x00000160       0x10 build/default/production/_ext/1688732426/system_tasks.o
 .gnu.attributes
                0x00000170       0x10 c:/program files/microchip/xc32/v2.40/bin/bin/../../lib/gcc/pic32mx/4.8.3\libgcc.a(_udivdi3.o)
 .gnu.attributes
                0x00000180       0x10 c:/program files/microchip/xc32/v2.40/bin/bin/../../lib/gcc/pic32mx/4.8.3/../../../../pic32mx/lib\libpic32.a(default-bootstrap-exception-handler.o)
 .gnu.attributes
                0x00000190       0x10 c:/program files/microchip/xc32/v2.40/bin/bin/../../lib/gcc/pic32mx/4.8.3/../../../../pic32mx/lib\libpic32.a(default-on-reset.o)
 .gnu.attributes
                0x000001a0       0x10 c:/program files/microchip/xc32/v2.40/bin/bin/../../lib/gcc/pic32mx/4.8.3/../../../../pic32mx/lib\libpic32.a(default-on-bootstrap.o)
 .gnu.attributes
                0x000001b0       0x10 c:/program files/microchip/xc32/v2.40/bin/bin/../../lib/gcc/pic32mx/4.8.3/../../../../pic32mx/lib\libpic32.a(defaultinterrupt.o)
 .gnu.attributes
                0x000001c0       0x10 c:/program files/microchip/xc32/v2.40/bin/bin/../../lib/gcc/pic32mx/4.8.3/../../../../pic32mx/lib\libc.a(malloc.o)
 .gnu.attributes
                0x000001d0       0x10 c:/program files/microchip/xc32/v2.40/bin/bin/../../lib/gcc/pic32mx/4.8.3/../../../../pic32mx/lib\libc.a(strncmp.o)
 .gnu.attributes
                0x000001e0       0x10 c:/program files/microchip/xc32/v2.40/bin/bin/../../lib/gcc/pic32mx/4.8.3/../../../../pic32mx/lib\libc.a(strncpy.o)
 .gnu.attributes
                0x000001f0       0x10 c:/program files/microchip/xc32/v2.40/bin/bin/../../lib/gcc/pic32mx/4.8.3/../../../../pic32mx/lib\libpic32.a(sbrk.o)
 .gnu.attributes
                0x00000200       0x10 c:/program files/microchip/xc32/v2.40/bin/bin/../../lib/gcc/pic32mx/4.8.3/../../../../pic32mx/lib\libpic32.a(errno.o)
LOAD c:/program files/microchip/xc32/v2.40/bin/bin/../../lib/gcc/pic32mx/4.8.3\libgcc.a
START GROUP
LOAD c:/program files/microchip/xc32/v2.40/bin/bin/../../lib/gcc/pic32mx/4.8.3/../../../../pic32mx/lib\libpic32.a
LOAD c:/program files/microchip/xc32/v2.40/bin/bin/../../lib/gcc/pic32mx/4.8.3/../../../../pic32mx/lib\libdebug.a
LOAD c:/program files/microchip/xc32/v2.40/bin/bin/../../lib/gcc/pic32mx/4.8.3/../../../../pic32mx/lib\libpic32.a
LOAD c:/program files/microchip/xc32/v2.40/bin/bin/../../lib/gcc/pic32mx/4.8.3/../../../../pic32mx/lib\libc.a
LOAD c:/program files/microchip/xc32/v2.40/bin/bin/../../lib/gcc/pic32mx/4.8.3/../../../../pic32mx/lib\libc.a
LOAD c:/program files/microchip/xc32/v2.40/bin/bin/../../lib/gcc/pic32mx/4.8.3/../../../../pic32mx/lib\libm.a
LOAD c:/program files/microchip/xc32/v2.40/bin/bin/../../lib/gcc/pic32mx/4.8.3/../../../../pic32mx/lib\libe.a
LOAD c:/program files/microchip/xc32/v2.40/bin/bin/../../lib/gcc/pic32mx/4.8.3/../../../../pic32mx/lib\libdsp.a
LOAD c:/program files/microchip/xc32/v2.40/bin/bin/../../lib/gcc/pic32mx/4.8.3\libgcc.a
LOAD c:/program files/microchip/xc32/v2.40/bin/bin/../../lib/gcc/pic32mx/4.8.3/../../../../pic32mx/lib\libpic32.a
END GROUP
LOAD c:/program files/microchip/xc32/v2.40/bin/bin/../../lib/gcc/pic32mx/4.8.3\libgcc.a
OUTPUT(dist/default/production/MD3.X.production.elf elf32-tradlittlemips)
LOAD stack
LOAD data_init

.reginfo        0x00000000       0x18
 .reginfo       0x00000000       0x18 c:/program files/microchip/xc32/v2.40/bin/bin/../../lib/gcc/pic32mx/4.8.3/../../../../pic32mx/lib\debug-exception-return.o

.stack          0xa0002190      0x400
 .stack         0xa0002190      0x400 stack

.COHERENTBSS$   0xa0000c30      0x9c0
 .COHERENTBSS$  0xa0000c30      0x250 build/default/production/_ext/312387365/ff.o
 .bss.FATFSFileObject.FATFSFileObject
                0xa0000e80      0x240 build/default/production/_ext/312387365/ff.o
 .bss.gSYSFSMediaBuffer.gSYSFSMediaBuffer
                0xa00010c0      0x200 build/default/production/_ext/2105109636/sys_fs_media_manager.o
                0xa00010c0                gSYSFSMediaBuffer
 .bss.gSYSFSMediaBlockBuffer.gSYSFSMediaBlockBuffer
                0xa00012c0      0x200 build/default/production/_ext/2105109636/sys_fs_media_manager.o
                0xa00012c0                gSYSFSMediaBlockBuffer
 .bss.gUSBSCSIBuffer.gUSBSCSIBuffer
                0xa00014c0      0x100 build/default/production/_ext/1699675045/usb_host_scsi.o
                0xa00014c0                gUSBSCSIBuffer
 .bss.gUSBHostMSDCBW.gUSBHostMSDCBW
                0xa00015c0       0x20 build/default/production/_ext/1699675045/usb_host_msd.o
                0xa00015c0                gUSBHostMSDCBW
 .bss.gUSBHostMSDCSW.gUSBHostMSDCSW
                0xa00015e0       0x10 build/default/production/_ext/1699675045/usb_host_msd.o
                0xa00015e0                gUSBHostMSDCSW

.bss            0xa00015f0      0x948
 .bss           0xa00015f0      0x710 build/default/production/_ext/1699675045/usb_host.o
 .bss           0xa0001d00      0x238 build/default/production/_ext/312387365/ff.o

.bss            0xa0000050       0x90
 .bss           0xa0000050       0x90 build/default/production/_ext/121402492/sys_tmr.o

.data           0xa00000e0       0x50
 .data          0xa00000e0       0x50 build/default/production/_ext/1150371026/drv_usbfs_host.o
                0xa00000e0                gDrvUSBFSHostInterface

.bss            0xa0000130       0x3c
 .bss           0xa0000130       0x3c build/default/production/_ext/1475996069/drv_tmr.o

.data           0xa000016c       0x5c
 .data          0xa000016c       0x30 build/default/production/_ext/1699675045/usb_host_scsi.o
                0xa000016c                gUSBHostMSDSCSIMediaFunctions
 .data          0xa000019c       0x2c build/default/production/_ext/2105109636/sys_fs_media_manager.o
                0xa000019c                gSYSFSMediaManagerObj
                0xa00001b4                gSYSFSVolumeName

.data           0xa00001c8       0x2c
 .data          0xa00001c8       0x2c build/default/production/_ext/1699675045/usb_host_msd.o
                0xa00001c8                gUSBHostMSDClientDriver

.bss            0xa0001f38       0x44
 .bss           0xa0001f38       0x24 c:/program files/microchip/xc32/v2.40/bin/bin/../../lib/gcc/pic32mx/4.8.3/../../../../pic32mx/lib\libpic32.a(sbrk.o)
                0xa0001f54                _maxbrk
                0xa0001f58                _minbrk
 .bss           0xa0001f5c       0x20 c:/program files/microchip/xc32/v2.40/bin/bin/../../lib/gcc/pic32mx/4.8.3/../../../../pic32mx/lib\libc.a(malloc.o)
                0xa0001f5c                __allocx
                0xa0001f64                __alloct
                0xa0001f68                __allocp
                0xa0001f6c                __allocs

.bss.errno      0xa00001f4        0x4
 .bss.errno     0xa00001f4        0x4 c:/program files/microchip/xc32/v2.40/bin/bin/../../lib/gcc/pic32mx/4.8.3/../../../../pic32mx/lib\libpic32.a(errno.o)
                0xa00001f4                errno

._debug_exception
                0xbfc00480       0x2c
 ._debug_exception
                0xbfc00480       0x2c c:/program files/microchip/xc32/v2.40/bin/bin/../../lib/gcc/pic32mx/4.8.3/../../../../pic32mx/lib\debug-exception-return.o
                0xbfc00480                __DbgExecReturn

.text._USB_HOST_MakeDeviceReady
                0x9d000000      0xa9c
 .text._USB_HOST_MakeDeviceReady
                0x9d000000      0xa9c build/default/production/_ext/1699675045/usb_host.o
                0x9d000000                _USB_HOST_MakeDeviceReady

.text.f_mkfs    0x9d000a9c      0x9b8
 .text.f_mkfs   0x9d000a9c      0x9b8 build/default/production/_ext/312387365/ff.o
                0x9d000a9c                f_mkfs

.text.SYS_FS_MEDIA_MANAGER_Tasks
                0x9d001454      0x770
 .text.SYS_FS_MEDIA_MANAGER_Tasks
                0x9d001454      0x770 build/default/production/_ext/2105109636/sys_fs_media_manager.o
                0x9d001454                SYS_FS_MEDIA_MANAGER_Tasks

.text.follow_path
                0x9d001bc4      0x704
 .text.follow_path
                0x9d001bc4      0x704 build/default/production/_ext/312387365/ff.o

.text._DRV_USBFS_HOST_ControlXferProcess
                0x9d0022c8      0x61c
 .text._DRV_USBFS_HOST_ControlXferProcess
                0x9d0022c8      0x61c build/default/production/_ext/1150371026/drv_usbfs_host.o
                0x9d0022c8                _DRV_USBFS_HOST_ControlXferProcess

.text.find_volume
                0x9d0028e4      0x5b8
 .text.find_volume
                0x9d0028e4      0x5b8 build/default/production/_ext/312387365/ff.o

.text._USB_HOST_SCSI_TasksByIndex
                0x9d002e9c      0x5a0
 .text._USB_HOST_SCSI_TasksByIndex
                0x9d002e9c      0x5a0 build/default/production/_ext/1699675045/usb_host_scsi.o
                0x9d002e9c                _USB_HOST_SCSI_TasksByIndex

.text._USB_HOST_UpdateConfigurationState
                0x9d00343c      0x568
 .text._USB_HOST_UpdateConfigurationState
                0x9d00343c      0x568 build/default/production/_ext/1699675045/usb_host.o
                0x9d00343c                _USB_HOST_UpdateConfigurationState

.text.f_printf  0x9d0039a4      0x518
 .text.f_printf
                0x9d0039a4      0x518 build/default/production/_ext/312387365/ff.o
                0x9d0039a4                f_printf

.text._DRV_USBFS_HOST_Tasks_ISR
                0x9d003ebc      0x498
 .text._DRV_USBFS_HOST_Tasks_ISR
                0x9d003ebc      0x498 build/default/production/_ext/1150371026/drv_usbfs_host.o
                0x9d003ebc                _DRV_USBFS_HOST_Tasks_ISR

.text.dir_register
                0x9d004354      0x480
 .text.dir_register
                0x9d004354      0x480 build/default/production/_ext/312387365/ff.o

.text.f_setlabel
                0x9d0047d4      0x39c
 .text.f_setlabel
                0x9d0047d4      0x39c build/default/production/_ext/312387365/ff.o
                0x9d0047d4                f_setlabel

.text._DRV_USBFS_HOST_TransferPack
                0x9d004b70      0x374
 .text._DRV_USBFS_HOST_TransferPack
                0x9d004b70      0x374 build/default/production/_ext/1150371026/drv_usbfs_host.o
                0x9d004b70                _DRV_USBFS_HOST_TransferPack

.text.USB_HOST_MSD_TransferErrorTasks
                0x9d004ee4      0x360
 .text.USB_HOST_MSD_TransferErrorTasks
                0x9d004ee4      0x360 build/default/production/_ext/1699675045/usb_host_msd.o
                0x9d004ee4                USB_HOST_MSD_TransferErrorTasks

.text.f_open    0x9d005244      0x340
 .text.f_open   0x9d005244      0x340 build/default/production/_ext/312387365/ff.o
                0x9d005244                f_open

.text.f_write   0x9d005584      0x334
 .text.f_write  0x9d005584      0x334 build/default/production/_ext/312387365/ff.o
                0x9d005584                f_write

.text.SYS_TMR_Tasks
                0x9d0058b8      0x308
 .text.SYS_TMR_Tasks
                0x9d0058b8      0x308 build/default/production/_ext/121402492/sys_tmr.o
                0x9d0058b8                SYS_TMR_Tasks

.text._USB_HOST_UpdateInterfaceStatus
                0x9d005bc0      0x308
 .text._USB_HOST_UpdateInterfaceStatus
                0x9d005bc0      0x308 build/default/production/_ext/1699675045/usb_host.o
                0x9d005bc0                _USB_HOST_UpdateInterfaceStatus

.text.dir_find  0x9d005ec8      0x2f8
 .text.dir_find
                0x9d005ec8      0x2f8 build/default/production/_ext/312387365/ff.o

.text.f_mkdir   0x9d0061c0      0x2f4
 .text.f_mkdir  0x9d0061c0      0x2f4 build/default/production/_ext/312387365/ff.o
                0x9d0061c0                f_mkdir

.text.USB_HOST_SCSI_TransferTasks
                0x9d0064b4      0x2e4
 .text.USB_HOST_SCSI_TransferTasks
                0x9d0064b4      0x2e4 build/default/production/_ext/1699675045/usb_host_scsi.o
                0x9d0064b4                USB_HOST_SCSI_TransferTasks

.text._USB_HOST_MSD_TransferTasks
                0x9d006798      0x2e0
 .text._USB_HOST_MSD_TransferTasks
                0x9d006798      0x2e0 build/default/production/_ext/1699675045/usb_host_msd.o
                0x9d006798                _USB_HOST_MSD_TransferTasks

.text.f_read    0x9d006a78      0x2d8
 .text.f_read   0x9d006a78      0x2d8 build/default/production/_ext/312387365/ff.o
                0x9d006a78                f_read

.text.DRV_USBFS_HOST_PipeSetup
                0x9d006d50      0x2d8
 .text.DRV_USBFS_HOST_PipeSetup
                0x9d006d50      0x2d8 build/default/production/_ext/1150371026/drv_usbfs_host.o
                0x9d006d50                DRV_USBFS_HOST_PipeSetup

.text.f_lseek   0x9d007028      0x2d4
 .text.f_lseek  0x9d007028      0x2d4 build/default/production/_ext/312387365/ff.o
                0x9d007028                f_lseek

.text.SYS_FS_FileOpen
                0x9d0072fc      0x2b8
 .text.SYS_FS_FileOpen
                0x9d0072fc      0x2b8 build/default/production/_ext/2105109636/sys_fs.o
                0x9d0072fc                SYS_FS_FileOpen

.text.SYS_FS_MEDIA_MANAGER_SectorWrite
                0x9d0075b4      0x2b8
 .text.SYS_FS_MEDIA_MANAGER_SectorWrite
                0x9d0075b4      0x2b8 build/default/production/_ext/2105109636/sys_fs_media_manager.o
                0x9d0075b4                SYS_FS_MEDIA_MANAGER_SectorWrite

.text._USB_HOST_UpdateDeviceOwnership
                0x9d00786c      0x290
 .text._USB_HOST_UpdateDeviceOwnership
                0x9d00786c      0x290 build/default/production/_ext/1699675045/usb_host.o
                0x9d00786c                _USB_HOST_UpdateDeviceOwnership

.text.malloc    0x9d007afc      0x28c
 .text.malloc   0x9d007afc      0x28c c:/program files/microchip/xc32/v2.40/bin/bin/../../lib/gcc/pic32mx/4.8.3/../../../../pic32mx/lib\libc.a(malloc.o)
                0x9d007afc                malloc

.text.f_getcwd  0x9d007d88      0x27c
 .text.f_getcwd
                0x9d007d88      0x27c build/default/production/_ext/312387365/ff.o
                0x9d007d88                f_getcwd
